:46

rst:0x1 (POWERON_RESET),boot:0x13 (SPI_FAST_FLASH_BOOT)
configsip: 0, SPIWP:0xee
clkets Jul 29 2019 12:21:46

rst:0x1 (POWERON_RESET),boot:0x13 (SPI_FAST_FLASH_BOOT)
configsip: 0, SPIWP:0xee
clk_drv:0x00,q_drv:0x00,d_drv:0x00,cs0_drv:0x00,hd_drv:0x00,wp_drv:0x00
mode:DIO, clock div:2
load:0x3fff0030,len:7176
load:0x40078000,len:15564
ho 0 tail 12 room 4
load:0x40080400,len:4
load:0x40080404,len:3904
entry 0x40080640
[0;32mI (31) boot: ESP-IDF v5.3.1-dirty 2nd stage bootloader[0m
[0;32mI (31) boot: compile time Aug 22 2025 17:09:14[0m
[0;32mI (31) boot: Multicore bootloader[0m
[0;32mI (36) boot: chip revision: v3.1[0m
[0;32mI (40) boot.esp32: SPI Speed      : 40MHz[0m
[0;32mI (44) boot.esp32: SPI Mode       : DIO[0m
[0;32mI (49) boot.esp32: SPI Flash Size : 2MB[0m
[0;32mI (53) boot: Enabling RNG early entropy source...[0m
[0;32mI (59) boot: Partition Table:[0m
[0;32mI (62) boot: ## Label            Usage          Type ST Offset   Length[0m
[0;32mI (70) boot:  0 nvs              WiFi data        01 02 00009000 00006000[0m
[0;32mI (77) boot:  1 phy_init         RF data          01 01 0000f000 00001000[0m
[0;32mI (85) boot:  2 factory          factory app      00 00 00010000 00100000[0m
[0;32mI (92) boot: End of partition table[0m
[0;32mI (96) esp_image: segment 0: paddr=00010020 vaddr=3f400020 size=0acc8h ( 44232) map[0m
[0;32mI (120) esp_image: segment 1: paddr=0001acf0 vaddr=3ffb0000 size=02394h (  9108) load[0m
[0;32mI (124) esp_image: segment 2: paddr=0001d08c vaddr=40080000 size=02f8ch ( 12172) load[0m
[0;32mI (131) esp_image: segment 3: paddr=00020020 vaddr=400d0020 size=16624h ( 91684) map[0m
[0;32mI (166) esp_image: segment 4: paddr=0003664c vaddr=40082f8c size=0b068h ( 45160) load[0m
[0;32mI (191) boot: Loaded app from partition at offset 0x10000[0m
[0;32mI (191) boot: Disabling RNG early entropy source...[0m
[0;32mI (203) cpu_start: Multicore app[0m
[0;32mI (211) cpu_start: Pro cpu start user code[0m
[0;32mI (211) cpu_start: cpu freq: 160000000 Hz[0m
[0;32mI (211) app_init: Application information:[0m
[0;32mI (214) app_init: Project name:     mpu_test[0m
[0;32mI (219) app_init: App version:      c5f12b2-dirty[0m
[0;32mI (224) app_init: Compile time:     Aug 22 2025 19:08:33[0m
[0;32mI (230) app_init: ELF file SHA256:  4ff815f99...[0m
[0;32mI (236) app_init: ESP-IDF:          v5.3.1-dirty[0m
[0;32mI (241) efuse_init: Min chip rev:     v0.0[0m
[0;32mI (246) efuse_init: Max chip rev:     v3.99 [0m
[0;32mI (251) efuse_init: Chip rev:         v3.1[0m
[0;32mI (256) heap_init: Initializing. RAM available for dynamic allocation:[0m
[0;32mI (263) heap_init: At 3FFAE6E0 len 00001920 (6 KiB): DRAM[0m
[0;32mI (269) heap_init: At 3FFB2C98 len 0002D368 (180 KiB): DRAM[0m
[0;32mI (275) heap_init: At 3FFE0440 len 00003AE0 (14 KiB): D/IRAM[0m
[0;32mI (281) heap_init: At 3FFE4350 len 0001BCB0 (111 KiB): D/IRAM[0m
[0;32mI (288) heap_init: At 4008E000 len 00012000 (72 KiB): IRAM[0m
[0;32mI (295) spi_flash: detected chip: generic[0m
[0;32mI (299) spi_flash: flash io: dio[0m
[0;33mW (302) spi_flash: Detected size(4096k) larger than the size in the binary image header(2048k). Using the size in the binary image header.[0m
[0;33mW (316) i2c: This driver is an old driver, please migrate your application code to adapt `driver/i2c_master.h`[0m
[0;32mI (327) main_task: Started on CPU0[0m
[0;32mI (337) main_task: Calling app_main()[0m
[0;32mI (337) MPU_TEST: Error reset: 1[0m
[0;32mI (337) MPU_TEST: Starting MPU...[0m
[0;31mE (587) i2c: i2c command link malloc error[0m
[0;31mE (587) i2c: i2c_master_start(1279): i2c command link error[0m
[0;31mE (587) i2c: i2c_master_write_byte(1318): i2c command link error[0m
[0;31mE (587) i2c: i2c_master_start(1279): i2c command link error[0m
[0;31mE (597) i2c: i2c_master_write_byte(1318): i2c command link error[0m
[0;31mE (607) i2c: i2c_master_start(1279): i2c command link error[0m
[0;31mE (587) i2c: i2c_master_start(1279): i2c command link error[0m
[0;31mE (587) i2c: i2c_master_start(1279): i2c command link error[0m
[0;31mE 
***ERROR*** A stack overflow in task mpu_read_task has been detected.


Backtrace: 0x40081936:0x3ffb4c10 0x400867c9:0x3ffb4c30 0x4008765e:0x3ffb4c50 0x400886c3:0x3ffb4cd0 0x40087768:0x3ffb4cf0 0x4008771a:0x00000000 |<-CORRUPTED




ELF file SHA256: 4ff815f99

Rebooting...
ets Jul 29 2019 12:21:46

rst:0xc (SW_CPU_RESET),boot:0x13 (SPI_FAST_FLASH_BOOT)
configsip: 0, SPIWP:0xee
clk_drv:0x00,q_drv:0x00,d_drv:0x00,cs0_drv:0x00,hd_drv:0x00,wp_drv:0x00
mode:DIO, clock div:2
load:0x3fff0030,len:7176
load:0x40078000,len:15564
ho 0 tail 12 room 4
load:0x40080400,len:4
load:0x40080404,len:3904
entry 0x40080640
[0;32mI (31) boot: ESP-IDF v5.3.1-dirty 2nd stage bootloader[0m
[0;32mI (31) boot: compile time Aug 22 2025 17:09:14[0m
[0;32mI (31) boot: Multicore bootloader[0m
[0;32mI (36) boot: chip revision: v3.1[0m
[0;32mI (40) boot.esp32: SPI Speed      : 40MHz[0m
[0;32mI (44) boot.esp32: SPI Mode       : DIO[0m
[0;32mI (49) boot.esp32: SPI Flash Size : 2MB[0m
[0;32mI (53) boot: Enabling RNG early entropy source...[0m
[0;32mI (59) boot: Partition Table:[0m
[0;32mI (62) boot: ## Label            Usage          Type ST Offset   Length[0m
[0;32mI (70) boot:  0 nvs              WiFi data        01 02 00009000 00006000[0m
[0;32mI (77) boot:  1 phy_init         RF data          01 01 0000f000 00001000[0m
[0;32mI (85) boot:  2 factory          factory app      00 00 00010000 00100000[0m
[0;32mI (92) boot: End of partition table[0m
[0;32mI (96) esp_image: segment 0: paddr=00010020 vaddr=3f400020 size=0acc8h ( 44232) map[0m
[0;32mI (120) esp_image: segment 1: paddr=0001acf0 vaddr=3ffb0000 size=02394h (  9108) load[0m
[0;32mI (124) esp_image: segment 2: paddr=0001d08c vaddr=40080000 size=02f8ch ( 12172) load[0m
[0;32mI (131) esp_image: segment 3: paddr=00020020 vaddr=400d0020 size=16624h ( 91684) map[0m
[0;32mI (166) esp_image: segment 4: paddr=0003664c vaddr=40082f8c size=0b068h ( 45160) load[0m
[0;32mI (191) boot: Loaded app from partition at offset 0x10000[0m
[0;32mI (191) boot: Disabling RNG early entropy source...[0m
[0;32mI (203) cpu_start: Multicore app[0m
[0;32mI (211) cpu_start: Pro cpu start user code[0m
[0;32mI (211) cpu_start: cpu freq: 160000000 Hz[0m
[0;32mI (211) app_init: Application information:[0m
[0;32mI (214) app_init: Project name:     mpu_test[0m
[0;32mI (219) app_init: App version:      c5f12b2-dirty[0m
[0;32mI (224) app_init: Compile time:     Aug 22 2025 19:08:33[0m
[0;32mI (230) app_init: ELF file SHA256:  4ff815f99...[0m
[0;32mI (236) app_init: ESP-IDF:          v5.3.1-dirty[0m
[0;32mI (241) efuse_init: Min chip rev:     v0.0[0m
[0;32mI (246) efuse_init: Max chip rev:     v3.99 [0m
[0;32mI (251) efuse_init: Chip rev:         v3.1[0m
[0;32mI (256) heap_init: Initializing. RAM available for dynamic allocation:[0m
[0;32mI (263) heap_init: At 3FFAE6E0 len 00001920 (6 KiB): DRAM[0m
[0;32mI (269) heap_init: At 3FFB2C98 len 0002D368 (180 KiB): DRAM[0m
[0;32mI (275) heap_init: At 3FFE0440 len 00003AE0 (14 KiB): D/IRAM[0m
[0;32mI (281) heap_init: At 3FFE4350 len 0001BCB0 (111 KiB): D/IRAM[0m
[0;32mI (288) heap_init: At 4008E000 len 00012000 (72 KiB): IRAM[0m
[0;32mI (295) spi_flash: detected chip: generic[0m
[0;32mI (298) spi_flash: flash io: dio[0m
[0;33mW (302) spi_flash: Detected size(4096k) larger than the size in the binary image header(2048k). Using the size in the binary image header.[0m
[0;33mW (316) i2c: This driver is an old driver, please migrate your application code to adapt `driver/i2c_master.h`[0m
[0;32mI (327) main_task: Started on CPU0[0m
[0;32mI (337) main_task: Calling app_main()[0m
[0;32mI (337) MPU_TEST: Error reset: 4[0m
[0;32mI (337) MPU_TEST: Starting MPU...[0m
[0;31mE (587) i2c: i2c command link malloc error[0m
[0;31mE (587) i2c: i2c_master_start(1279): i2c command link error[0m
[0;31mE (587) i2c: i2c_master_write_byte(1318): i2c command link error[0m
[0;31mE (587) i2c: i2c_master_start(1279): i2c command link error[0m
[0;31mE (587) i2c: i2c_master_start(1279): i2c command link error[0m
[0;31mE (607) i2c: i2c_master_start(1279): i2c command link error[0m
[0;31mE (587) i2c: i2c_master_start(1279): i2c command link error[0m
[0;31mE (587) i2c: i2c_master_start(1279): i2c command link error[0m
[0;31mE (587)
***ERROR*** A stack overflow in task mpu_read_task has been detected.


Backtrace: 0x40081936:0x3ffb4c10 0x400867c9:0x3ffb4c30 0x4008765e:0x3ffb4c50 0x400886c3:0x3ffb4cd0 0x40087768:0x3ffb4cf0 0x4008771a:0x00000000 |<-CORRUPTED




ELF file SHA256: 4ff815f99

Rebooting...
ets Jul 29 2019 12:21:46

rst:0xc (SW_CPU_RESET),boot:0x13 (SPI_FAST_FLASH_BOOT)
configsip: 0, SPIWP:0xee
clk_drv:0x00,q_drv:0x00,d_drv:0x00,cs0_drv:0x00,hd_drv:0x00,wp_drv:0x00
mode:DIO, clock div:2
load:0x3fff0030,len:7176
load:0x40078000,len:15564
ho 0 tail 12 room 4
load:0x40080400,len:4
load:0x40080404,len:3904
entry 0x40080640
[0;32mI (31) boot: ESP-IDF v5.3.1-dirty 2nd stage bootloader[0m
[0;32mI (31) boot: compile time Aug 22 2025 17:09:14[0m
[0;32mI (31) boot: Multicore bootloader[0m
[0;32mI (36) boot: chip revision: v3.1[0m
[0;32mI (40) boot.esp32: SPI Speed      : 40MHz[0m
[0;32mI (44) boot.esp32: SPI Mode       : DIO[0m
[0;32mI (49) boot.esp32: SPI Flash Size : 2MB[0m
[0;32mI (53) boot: Enabling RNG early entropy source...[0m
[0;32mI (59) boot: Partition Table:[0m
[0;32mI (62) boot: ## Label            Usage          Type ST Offset   Length[0m
[0;32mI (70) boot:  0 nvs              WiFi data        01 02 00009000 00006000[0m
[0;32mI (77) boot:  1 phy_init         RF data          01 01 0000f000 00001000[0m
[0;32mI (85) boot:  2 factory          factory app      00 00 00010000 00100000[0m
[0;32mI (92) boot: End of partition table[0m
[0;32mI (96) esp_image: segment 0: paddr=00010020 vaddr=3f400020 size=0acc8h ( 44232) map[0m
[0;32mI (120) esp_image: segment 1: paddr=0001acf0 vaddr=3ffb0000 size=02394h (  9108) load[0m
[0;32mI (124) esp_image: segment 2: paddr=0001d08c vaddr=40080000 size=02f8ch ( 12172) load[0m
[0;32mI (131) esp_image: segment 3: paddr=00020020 vaddr=400d0020 size=16624h ( 91684) map[0m
[0;32mI (166) esp_image: segment 4: paddr=0003664c vaddr=40082f8c size=0b068h ( 45160) load[0m
[0;32mI (191) boot: Loaded app from partition at offset 0x10000[0m
[0;32mI (191) boot: Disabling RNG early entropy source...[0m
[0;32mI (203) cpu_start: Multicore app[0m
[0;32mI (211) cpu_start: Pro cpu start user code[0m
[0;32mI (211) cpu_start: cpu freq: 160000000 Hz[0m
[0;32mI (211) app_init: Application information:[0m
[0;32mI (214) app_init: Project name:     mpu_test[0m
[0;32mI (219) app_init: App version:      c5f12b2-dirty[0m
[0;32mI (224) app_init: Compile time:     Aug 22 2025 19:08:33[0m
[0;32mI (230) app_init: ELF file SHA256:  4ff815f99...[0m
[0;32mI (236) app_init: ESP-IDF:          v5.3.1-dirty[0m
[0;32mI (241) efuse_init: Min chip rev:     v0.0[0m
[0;32mI (246) efuse_init: Max chip rev:     v3.99 [0m
[0;32mI (251) efuse_init: Chip rev:         v3.1[0m
[0;32mI (256) heap_init: Initializing. RAM available for dynamic allocation:[0m
[0;32mI (263) heap_init: At 3FFAE6E0 len 00001920 (6 KiB): DRAM[0m
[0;32mI (269) heap_init: At 3FFB2C98 len 0002D368 (180 KiB): DRAM[0m
[0;32mI (275) heap_init: At 3FFE0440 len 00003AE0 (14 KiB): D/IRAM[0m
[0;32mI (281) heap_init: At 3FFE4350 len 0001BCB0 (111 KiB): D/IRAM[0m
[0;32mI (288) heap_init: At 4008E000 len 00012000 (72 KiB): IRAM[0m
[0;32mI (295) spi_flash: detected chip: generic[0m
[0;32mI (298) spi_flash: flash io: dio[0m
[0;33mW (302) spi_flash: Detected size(4096k) larger than the size in the binary image header(2048k). Using the size in the binary image header.[0m
[0;33mW (315) i2c: This driver is an old driver, please migrate your application code to adapt `driver/i2c_master.h`[0m
[0;32mI (327) main_task: Started on CPU0[0m
[0;32mI (337) main_task: Calling app_main()[0m
[0;32mI (337) MPU_TEST: Error reset: 4[0m
[0;32mI (337) MPU_TEST: Starting MPU...[0m
[0;31mE (597) i2c: i2c command link malloc error[0m
[0;31mE (597) i2c: i2c_master_start(1279): i2c command link error[0m
[0;31mE (597) i2c: i2c_master_start(1279): i2c command link error[0m
[0;31mE (597) i2c: i2c_master_write_byte(1318): i2c command link error[0m
[0;31mE (597) i2c: i2c_master_start(1279): i2c command link error[0m
[0;31mE (617) i2c: i2c_master_write_byte(1318): i2c command link error[0m
[0;31mE (617) i2c: i2c_master_write_byte(1318): i2c command link error[0m
[0;31mE (597) i2c: i2c_master_start(1279): i2c command link error[0m
[0;31mE (597) i2c: i2c_master_start(1279): i2c command link error[0m
[0;31mE (597) i2c: i2c_master_start(1279): i2c command link error[0m
[0;31mE (597) i2c: i2c_master_start(1279): i2c command link error[0m
[0;31mE (597) i2c: i2c_master_start(1279): i2c command link error[0m
[0;31mE (597) i2c: i2c command link malloc error[0m
[0;31mE (597) i2c: i2c_master_start(1279): i2c command link error[0m
[0;31mE (597) i2c: i2c_master_start(1279): i2c command link error[0m
[0;31mE (597) i2c: i2c_master_start(1279): i2c command link error[0m
[0;31mE (597) i2c: i2c_master_write_byte(1318): i2c command link error[0m
[0;31mE (597) i2c: i2c_master_start(1279): i2c command link error[0m
[0;31mE (597) i2c: i2c_master_start(1279): i2c command link error[0m
[0;31mE (597) i2c: i2c_master_start(1279): i2c command link error[0m
[0;31mE (597) i2c: i2c_master_start(1279): i2c command link error[0m
[0;31mE (597) i2c: i2c_master_start(1279): i2c command link error[0m
[0;31mE (597) i2c: i2c_master_start(1279): i2c command link error[0m
[0;31mE (597) i2c: i2c_master_start(1279): i2c command link error[0m
[0;31mE (727) i2c: i2c_master_write_byte(1318): i2c command link error[0m
[0;31mE (737) i2c: i2c_master_write_byte(1318): i2c command link error[0m
[0;31mE (747) i2c: i2c_master_write_byte(1318): i2c command link error[0m
[0;31mE (597) i2c: i2c command link malloc error[0m

***ERROR*** A stack overflow in task mpu_read_task has been detected.


Backtrace: 0x40081936:0x3ffbfeb0 0x400867c9:0x3ffbfed0 0x4008765e:0x3ffbfef0 0x400886c3:0x3ffbff70 0x40087768:0x3ffbff90 0x4008771a:0xa5a5a5a5 |<-CORRUPTED




ELF file SHA256: 4ff815f99

Rebooting...
ets Jul 29 2019 12:21:46

rst:0xc (SW_CPU_RESET),boot:0x13 (SPI_FAST_FLASH_BOOT)
configsip: 0, SPIWP:0xee
clk_drv:0x00,q_drv:0x00,d_drv:0x00,cs0_drv:0x00,hd_drv:0x00,wp_drv:0x00
mode:DIO, clock div:2
load:0x3fff0030,len:7176
load:0x40078000,len:15564
ho 0 tail 12 room 4
load:0x40080400,len:4
load:0x40080404,len:3904
entry 0x40080640
[0;32mI (31) boot: ESP-IDF v5.3.1-dirty 2nd stage bootloader[0m
[0;32mI (31) boot: compile time Aug 22 2025 17:09:14[0m
[0;32mI (31) boot: Multicore bootloader[0m
[0;32mI (36) boot: chip revision: v3.1[0m
[0;32mI (40) boot.esp32: SPI Speed      : 40MHz[0m
[0;32mI (44) boot.esp32: SPI Mode       : DIO[0m
[0;32mI (49) boot.esp32: SPI Flash Size : 2MB[0m
[0;32mI (53) boot: Enabling RNG early entropy source...[0m
[0;32mI (59) boot: Partition Table:[0m
[0;32mI (62) boot: ## Label            Usage          Type ST Offset   Length[0m
[0;32mI (70) boot:  0 nvs              WiFi data        01 02 00009000 00006000[0m
[0;32mI (77) boot:  1 phy_init         RF data          01 01 0000f000 00001000[0m
[0;32mI (85) boot:  2 factory          factory app      00 00 00010000 00100000[0m
[0;32mI (92) boot: End of partition table[0m
[0;32mI (96) esp_image: segment 0: paddr=00010020 vaddr=3f400020 size=0acc8h ( 44232) map[0m
[0;32mI (120) esp_image: segment 1: paddr=0001acf0 vaddr=3ffb0000 size=02394h (  9108) load[0m
[0;32mI (124) esp_image: segment 2: paddr=0001d08c vaddr=40080000 size=02f8ch ( 12172) load[0m
[0;32mI (131) esp_image: segment 3: paddr=00020020 vaddr=400d0020 size=16624h ( 91684) map[0m
[0;32mI (166) esp_image: segment 4: paddr=0003664c vaddr=40082f8c size=0b068h ( 45160) load[0m
[0;32mI (191) boot: Loaded app from partition at offset 0x10000[0m
[0;32mI (191) boot: Disabling RNG early entropy source...[0m
[0;32mI (203) cpu_start: Multicore app[0m
[0;32mI (211) cpu_start: Pro cpu start user code[0m
[0;32mI (211) cpu_start: cpu freq: 160000000 Hz[0m
[0;32mI (211) app_init: Application information:[0m
[0;32mI (214) app_init: Project name:     mpu_test[0m
[0;32mI (219) app_init: App version:      c5f12b2-dirty[0m
[0;32mI (224) app_init: Compile time:     Aug 22 2025 19:08:33[0m
[0;32mI (230) app_init: ELF file SHA256:  4ff815f99...[0m
[0;32mI (235) app_init: ESP-IDF:          v5.3.1-dirty[0m
[0;32mI (241) efuse_init: Min chip rev:     v0.0[0m
[0;32mI (245) efuse_init: Max chip rev:     v3.99 [0m
[0;32mI (250) efuse_init: Chip rev:         v3.1[0m
[0;32mI (256) heap_init: Initializing. RAM available for dynamic allocation:[0m
[0;32mI (263) heap_init: At 3FFAE6E0 len 00001920 (6 KiB): DRAM[0m
[0;32mI (269) heap_init: At 3FFB2C98 len 0002D368 (180 KiB): DRAM[0m
[0;32mI (275) heap_init: At 3FFE0440 len 00003AE0 (14 KiB): D/IRAM[0m
[0;32mI (281) heap_init: At 3FFE4350 len 0001BCB0 (111 KiB): D/IRAM[0m
[0;32mI (288) heap_init: At 4008E000 len 00012000 (72 KiB): IRAM[0m
[0;32mI (295) spi_flash: detected chip: generic[0m
[0;32mI (298) spi_flash: flash io: dio[0m
[0;33mW (302) spi_flash: Detected size(4096k) larger than the size in the binary image header(2048k). Using the size in the binary image header.[0m
[0;33mW (315) i2c: This driver is an old driver, please migrate your application code to adapt `driver/i2c_master.h`[0m
[0;32mI (327) main_task: Started on CPU0[0m
[0;32mI (337) main_task: Calling app_main()[0m
[0;32mI (337) MPU_TEST: Error reset: 4[0m
[0;32mI (337) MPU_TEST: Starting MPU...[0m
[0;31mE (587) i2c: i2c command link malloc error[0m
[0;31mE (587) i2c: i2c_master_start(1279): i2c command link error[0m
[0;31mE (587) i2c: i2c_master_write_byte(1318): i2c command link error[0m
[0;31mE (587) i2c: i2c_master_start(1279): i2c command link error[0m
[0;31mE (587) i2c: i2c_master_start(1279): i2c command link error[0m
[0;31mE (607) i2c: i2c_master_start(1279): i2c command link error[0m
[0;31mE (587) i2c: i2c_master_start(1279): i2c command link error[0m
[0;31mE (587) i2c: i2c_master_start(1279): i2c command link error[0m
[0;31mE (587)
***ERROR*** A stack overflow in task mpu_read_task has been detected.


Backtrace: 0x40081936:0x3ffb4c10 0x400867c9:0x3ffb4c30 0x4008765e:0x3ffb4c50 0x400886c3:0x3ffb4cd0 0x40087768:0x3ffb4cf0 0x4008771a:0x00000000 |<-CORRUPTED




ELF file SHA256: 4ff815f99

Rebooting...
ets Jul 29 2019 12:21:46

rst:0xc (SW_CPU_RESET),boot:0x13 (SPI_FAST_FLASH_BOOT)
configsip: 0, SPIWP:0xee
clk_drv:0x00,q_drv:0x00,d_drv:0x00,cs0_drv:0x00,hd_drv:0x00,wp_drv:0x00
mode:DIO, clock div:2
load:0x3fff0030,len:7176
load:0x40078000,len:15564
ho 0 tail 12 room 4
load:0x40080400,len:4
load:0x40080404,len:3904
entry 0x40080640
[0;32mI (31) boot: ESP-IDF v5.3.1-dirty 2nd stage bootloader[0m
[0;32mI (31) boot: compile time Aug 22 2025 17:09:14[0m
[0;32mI (31) boot: Multicore bootloader[0m
[0;32mI (36) boot: chip revision: v3.1[0m
[0;32mI (40) boot.esp32: SPI Speed      : 40MHz[0m
[0;32mI (44) boot.esp32: SPI Mode       : DIO[0m
[0;32mI (49) boot.esp32: SPI Flash Size : 2MB[0m
[0;32mI (53) boot: Enabling RNG early entropy source...[0m
[0;32mI (59) boot: Partition Table:[0m
[0;32mI (62) boot: ## Label            Usage          Type ST Offset   Length[0m
[0;32mI (70) boot:  0 nvs              WiFi data        01 02 00009000 00006000[0m
[0;32mI (77) boot:  1 phy_init         RF data          01 01 0000f000 00001000[0m
[0;32mI (85) boot:  2 factory          factory app      00 00 00010000 00100000[0m
[0;32mI (92) boot: End of partition table[0m
[0;32mI (96) esp_image: segment 0: paddr=00010020 vaddr=3f400020 size=0acc8h ( 44232) map[0m
[0;32mI (120) esp_image: segment 1: paddr=0001acf0 vaddr=3ffb0000 size=02394h (  9108) load[0m
[0;32mI (124) esp_image: segment 2: paddr=0001d08c vaddr=40080000 size=02f8ch ( 12172) load[0m
[0;32mI (131) esp_image: segment 3: paddr=00020020 vaddr=400d0020 size=16624h ( 91684) map[0m
[0;32mI (166) esp_image: segment 4: paddr=0003664c vaddr=40082f8c size=0b068h ( 45160) load[0m
[0;32mI (191) boot: Loaded app from partition at offset 0x10000[0m
[0;32mI (191) boot: Disabling RNG early entropy source...[0m
[0;32mI (203) cpu_start: Multicore app[0m
[0;32mI (211) cpu_start: Pro cpu start user code[0m
[0;32mI (211) cpu_start: cpu freq: 160000000 Hz[0m
[0;32mI (211) app_init: Application information:[0m
[0;32mI (214) app_init: Project name:     mpu_test[0m
[0;32mI (219) app_init: App version:      c5f12b2-dirty[0m
[0;32mI (224) app_init: Compile time:     Aug 22 2025 19:08:33[0m
[0;32mI (230) app_init: ELF file SHA256:  4ff815f99...[0m
[0;32mI (236) app_init: ESP-IDF:          v5.3.1-dirty[0m
[0;32mI (241) efuse_init: Min chip rev:     v0.0[0m
[0;32mI (246) efuse_init: Max chip rev:     v3.99 [0m
[0;32mI (251) efuse_init: Chip rev:         v3.1[0m
[0;32mI (256) heap_init: Initializing. RAM available for dynamic allocation:[0m
[0;32mI (263) heap_init: At 3FFAE6E0 len 00001920 (6 KiB): DRAM[0m
[0;32mI (269) heap_init: At 3FFB2C98 len 0002D368 (180 KiB): DRAM[0m
[0;32mI (275) heap_init: At 3FFE0440 len 00003AE0 (14 KiB): D/IRAM[0m
[0;32mI (281) heap_init: At 3FFE4350 len 0001BCB0 (111 KiB): D/IRAM[0m
[0;32mI (288) heap_init: At 4008E000 len 00012000 (72 KiB): IRAM[0m
[0;32mI (295) spi_flash: detected chip: generic[0m
[0;32mI (298) spi_flash: flash io: dio[0m
[0;33mW (302) spi_flash: Detected size(4096k) larger than the size in the binary image header(2048k). Using the size in the binary image header.[0m
[0;33mW (316) i2c: This driver is an old driver, please migrate your application code to adapt `driver/i2c_master.h`[0m
[0;32mI (327) main_task: Started on CPU0[0m
[0;32mI (337) main_task: Calling app_main()[0m
[0;32mI (337) MPU_TEST: Error reset: 4[0m
[0;32mI (337) MPU_TEST: Starting MPU...[0m
[0;31mE (597) i2c: i2c command link malloc error[0m
[0;31mE (597) i2c: i2c_master_start(1279): i2c command link error[0m
[0;31mE (597) i2c: i2c_master_start(1279): i2c command link error[0m
[0;31mE (597) i2c: i2c_master_write_byte(1318): i2c command link error[0m
[0;31mE (607) i2c: i2c_master_write_byte(1318): i2c command link error[0m
[0;31mE (617) i2c: i2c_master_write_byte(1318): i2c command link error[0m
[0;31mE (617) i2c: i2c_master_stop(1287): i2c command link error[0m
[0;31mE (627) i2c: i2c_master_cmd_begin(1533): i2c command link error[0m
[0;31mE (637) i2c: i2c command link malloc error[0m
[0;31mE (597) i2c: i2c_master_start(1279): i2c command link error[0m
[0;31mE (597) i2c: i2c_master_start(1279): i2c command link error[0m
[0;31mE (597) i2c: i2c_master_start(1279): i2c command link error[0m
[0;31mE (597) i2c: i2c command link malloc error[0m
[0;31mE (597) i2c: i2c_master_start(1279): i2c command link error[0m
[0;31mE (597) i2c: i2c_master_start(1279): i2c command link error[0m
[0;31mE (597) i2c: i2c_master_start(1279): i2c command link error[0m
[0;31mE (597) i2c: i2c_master_write_byte(1318): i2c command link error[0m
[0;31mE (597) i2c: i2c_master_start(1279): i2c command link error[0m
[0;31mE (597) i2c: i2c_master_start(1279): i2c command link error[0m
[0;31mE (597) i2c: i2c_master_start(1279): i2c command link error[0m
[0;31mE (597) i2c: i2c_master_start(1279): i2c command link error[0m
[0;31mE (597) i2c: i2c_master_start(1279): i2c command link error[0m
[0;31mE (597) i2c: i2c_master_start(1279): i2c command link error[0m
[0;31mE (597) i2c: i2c_master_start(1279): i2c command link error[0m
[0;31mE (727) i2c: i2c_master_write_byte(1318): i2c command link error[0m
[0;31mE (737) i2c: i2c_master_write_byte(1318): i2c command link error[0m
[0;31mE (747) i2c: i2c_master_write_byte(1318): i2c command link error[0m
[0;31mE (597) i2c: i2c command link malloc error[0m

***ERROR*** A stack overflow in task mpu_read_task has been detected.


Backtrace: 0x40081936:0x3ffbfeb0 0x400867c9:0x3ffbfed0 0x4008765e:0x3ffbfef0 0x400886c3:0x3ffbff70 0x40087768:0x3ffbff90 0x4008771a:0xa5a5a5a5 |<-CORRUPTED




ELF file SHA256: 4ff815f99

Rebooting...
ets Jul 29 2019 12:21:46

rst:0xc (SW_CPU_RESET),boot:0x13 (SPI_FAST_FLASH_BOOT)
configsip: 0, SPIWP:0xee
clk_drv:0x00,q_drv:0x00,d_drv:0x00,cs0_drv:0x00,hd_drv:0x00,wp_drv:0x00
mode:DIO, clock div:2
load:0x3fff0030,len:7176
load:0x40078000,len:15564
ho 0 tail 12 room 4
load:0x40080400,len:4
load:0x40080404,len:3904
entry 0x40080640
[0;32mI (31) boot: ESP-IDF v5.3.1-dirty 2nd stage bootloader[0m
[0;32mI (31) boot: compile time Aug 22 2025 17:09:14[0m
[0;32mI (31) boot: Multicore bootloader[0m
[0;32mI (36) boot: chip revision: v3.1[0m
[0;32mI (40) boot.esp32: SPI Speed      : 40MHz[0m
[0;32mI (44) boot.esp32: SPI Mode       : DIO[0m
[0;32mI (49) boot.esp32: SPI Flash Size : 2MB[0m
[0;32mI (53) boot: Enabling RNG early entropy source...[0m
[0;32mI (59) boot: Partition Table:[0m
[0;32mI (62) boot: ## Label            Usage          Type ST Offset   Length[0m
[0;32mI (70) boot:  0 nvs              WiFi data        01 02 00009000 00006000[0m
[0;32mI (77) boot:  1 phy_init         RF data          01 01 0000f000 00001000[0m
[0;32mI (85) boot:  2 factory          factory app      00 00 00010000 00100000[0m
[0;32mI (92) boot: End of partition table[0m
[0;32mI (96) esp_image: segment 0: paddr=00010020 vaddr=3f400020 size=0acc8h ( 44232) map[0m
[0;32mI (120) esp_image: segment 1: paddr=0001acf0 vaddr=3ffb0000 size=02394h (  9108) load[0m
[0;32mI (124) esp_image: segment 2: paddr=0001d08c vaddr=40080000 size=02f8ch ( 12172) load[0m
[0;32mI (131) esp_image: segment 3: paddr=00020020 vaddr=400d0020 size=16624h ( 91684) map[0m
[0;32mI (166) esp_image: segment 4: paddr=0003664c vaddr=40082f8c size=0b068h ( 45160) load[0m
[0;32mI (191) boot: Loaded app from partition at offset 0x10000[0m
[0;32mI (191) boot: Disabling RNG early entropy source...[0m
[0;32mI (203) cpu_start: Multicore app[0m
[0;32mI (211) cpu_start: Pro cpu start user code[0m
[0;32mI (211) cpu_start: cpu freq: 160000000 Hz[0m
[0;32mI (211) app_init: Application information:[0m
[0;32mI (214) app_init: Project name:     mpu_test[0m
[0;32mI (219) app_init: App version:      c5f12b2-dirty[0m
[0;32mI (224) app_init: Compile time:     Aug 22 2025 19:08:33[0m
[0;32mI (230) app_init: ELF file SHA256:  4ff815f99...[0m
[0;32mI (235) app_init: ESP-IDF:          v5.3.1-dirty[0m
[0;32mI (241) efuse_init: Min chip rev:     v0.0[0m
[0;32mI (245) efuse_init: Max chip rev:     v3.99 [0m
[0;32mI (250) efuse_init: Chip rev:         v3.1[0m
[0;32mI (256) heap_init: Initializing. RAM available for dynamic allocation:[0m
[0;32mI (263) heap_init: At 3FFAE6E0 len 00001920 (6 KiB): DRAM[0m
[0;32mI (269) heap_init: At 3FFB2C98 len 0002D368 (180 KiB): DRAM[0m
[0;32mI (275) heap_init: At 3FFE0440 len 00003AE0 (14 KiB): D/IRAM[0m
[0;32mI (281) heap_init: At 3FFE4350 len 0001BCB0 (111 KiB): D/IRAM[0m
[0;32mI (288) heap_init: At 4008E000 len 00012000 (72 KiB): IRAM[0m
[0;32mI (295) spi_flash: detected chip: generic[0m
[0;32mI (298) spi_flash: flash io: dio[0m
[0;33mW (302) spi_flash: Detected size(4096k) larger than the size in the binary image header(2048k). Using the size in the binary image header.[0m
[0;33mW (315) i2c: This driver is an old driver, please migrate your application code to adapt `driver/i2c_master.h`[0m
[0;32mI (327) main_task: Started on CPU0[0m
[0;32mI (337) main_task: Calling app_main()[0m
[0;32mI (337) MPU_TEST: Error reset: 4[0m
[0;32mI (337) MPU_TEST: Starting MPU...[0m
[0;31mE (587) i2c: i2c command link malloc error[0m
[0;31mE (587) i2c: i2c_master_start(1279): i2c command link error[0m
[0;31mE (587) i2c: i2c_master_write_byte(1318): i2c command link error[0m
[0;31mE (587) i2c: i2c_master_start(1279): i2c command link error[0m
[0;31mE (587) i2c: i2c_master_start(1279): i2c command link error[0m
[0;31mE (607) i2c: i2c_master_start(1279): i2c command link error[0m
[0;31mE (587) i2c: i2c_master_start(1279): i2c command link error[0m
[0;31mE (587) i2c: i2c_master_start(1279): i2c command link error[0m
[0;31mE (587)
***ERROR*** A stack overflow in task mpu_read_task has been detected.


Backtrace: 0x40081936:0x3ffb4c10 0x400867c9:0x3ffb4c30 0x4008765e:0x3ffb4c50 0x400886c3:0x3ffb4cd0 0x40087768:0x3ffb4cf0 0x4008771a:0x00000000 |<-CORRUPTED




ELF file SHA256: 4ff815f99

Rebooting...
ets Jul 29 2019 12:21:46

rst:0xc (SW_CPU_RESET),boot:0x13 (SPI_FAST_FLASH_BOOT)
configsip: 0, SPIWP:0xee
clk_drv:0x00,q_drv:0x00,d_drv:0x00,cs0_drv:0x00,hd_drv:0x00,wp_drv:0x00
mode:DIO, clock div:2
load:0x3fff0030,len:7176
load:0x40078000,len:15564
ho 0 tail 12 room 4
load:0x40080400,len:4
load:0x40080404,len:3904
entry 0x40080640
[0;32mI (31) boot: ESP-IDF v5.3.1-dirty 2nd stage bootloader[0m
[0;32mI (31) boot: compile time Aug 22 2025 17:09:14[0m
[0;32mI (31) boot: Multicore bootloader[0m
[0;32mI (36) boot: chip revision: v3.1[0m
[0;32mI (40) boot.esp32: SPI Speed      : 40MHz[0m
[0;32mI (44) boot.esp32: SPI Mode       : DIO[0m
[0;32mI (49) boot.esp32: SPI Flash Size : 2MB[0m
[0;32mI (53) boot: Enabling RNG early entropy source...[0m
[0;32mI (59) boot: Partition Table:[0m
[0;32mI (62) boot: ## Label            Usage          Type ST Offset   Length[0m
[0;32mI (70) boot:  0 nvs              WiFi data        01 02 00009000 00006000[0m
[0;32mI (77) boot:  1 phy_init         RF data          01 01 0000f000 00001000[0m
[0;32mI (85) boot:  2 factory          factory app      00 00 00010000 00100000[0m
[0;32mI (92) boot: End of partition table[0m
[0;32mI (96) esp_image: segment 0: paddr=00010020 vaddr=3f400020 size=0acc8h ( 44232) map[0m
[0;32mI (120) esp_image: segment 1: paddr=0001acf0 vaddr=3ffb0000 size=02394h (  9108) load[0m
[0;32mI (124) esp_image: segment 2: paddr=0001d08c vaddr=40080000 size=02f8ch ( 12172) load[0m
[0;32mI (131) esp_image: segment 3: paddr=00020020 vaddr=400d0020 size=16624h ( 91684) map[0m
[0;32mI (166) esp_image: segment 4: paddr=0003664c vaddr=40082f8c size=0b068h ( 45160) load[0m
[0;32mI (191) boot: Loaded app from partition at offset 0x10000[0m
[0;32mI (191) boot: Disabling RNG early entropy source...[0m
[0;32mI (203) cpu_start: Multicore app[0m
[0;32mI (211) cpu_start: Pro cpu start user code[0m
[0;32mI (211) cpu_start: cpu freq: 160000000 Hz[0m
[0;32mI (211) app_init: Application information:[0m
[0;32mI (214) app_init: Project name:     mpu_test[0m
[0;32mI (219) app_init: App version:      c5f12b2-dirty[0m
[0;32mI (224) app_init: Compile time:     Aug 22 2025 19:08:33[0m
[0;32mI (230) app_init: ELF file SHA256:  4ff815f99...[0m
[0;32mI (236) app_init: ESP-IDF:          v5.3.1-dirty[0m
[0;32mI (241) efuse_init: Min chip rev:     v0.0[0m
[0;32mI (246) efuse_init: Max chip rev:     v3.99 [0m
[0;32mI (251) efuse_init: Chip rev:         v3.1[0m
[0;32mI (256) heap_init: Initializing. RAM available for dynamic allocation:[0m
[0;32mI (263) heap_init: At 3FFAE6E0 len 00001920 (6 KiB): DRAM[0m
[0;32mI (269) heap_init: At 3FFB2C98 len 0002D368 (180 KiB): DRAM[0m
[0;32mI (275) heap_init: At 3FFE0440 len 00003AE0 (14 KiB): D/IRAM[0m
[0;32mI (281) heap_init: At 3FFE4350 len 0001BCB0 (111 KiB): D/IRAM[0m
[0;32mI (288) heap_init: At 4008E000 len 00012000 (72 KiB): IRAM[0m
[0;32mI (295) spi_flash: detected chip: generic[0m
[0;32mI (298) spi_flash: flash io: dio[0m
[0;33mW (302) spi_flash: Detected size(4096k) larger than the size in the binary image header(2048k). Using the size in the binary image header.[0m
[0;33mW (315) i2c: This driver is an old driver, please migrate your application code to adapt `driver/i2c_master.h`[0m
[0;32mI (327) main_task: Started on CPU0[0m
[0;32mI (337) main_task: Calling app_main()[0m
[0;32mI (337) MPU_TEST: Error reset: 4[0m
[0;32mI (337) MPU_TEST: Starting MPU...[0m
[0;31mE (597) i2c: i2c command link malloc error[0m
[0;31mE (597) i2c: i2c_master_start(1279): i2c command link error[0m
[0;31mE (597) i2c: i2c_master_write_byte(1318): i2c command link error[0m
[0;31mE (597) i2c: i2c_master_write_byte(1318): i2c command link error[0m
[0;31mE (607) i2c: i2c_master_write_byte(1318): i2c command link error[0m
[0;31mE (617) i2c: i2c_master_start(1279): i2c command link error[0m
[0;31mE (617) i2c: i2c_master_write_byte(1318): i2c command link error[0m
[0;31mE (627) i2c: i2c_master_write_byte(1318): i2c command link
***ERROR*** A stack overflow in task mpu_read_task has been detected.


Backtrace: 0x40081936:0x3ffec270 0x400867c9:0x3ffec290 0x4008765e:0x3ffec2b0 0x400886c3:0x3ffec330 0x40087768:0x3ffec350 0x4008771a:0xa5a5a5a5 |<-CORRUPTED




ELF file SHA256: 4ff815f99

Rebooting...
ets Jul 29 2019 12:21:46

rst:0xc (SW_CPU_RESET),boot:0x13 (SPI_FAST_FLASH_BOOT)
configsip: 0, SPIWP:0xee
clk_drv:0x00,q_drv:0x00,d_drv:0x00,cs0_drv:0x00,hd_drv:0x00,wp_drv:0x00
mode:DIO, clock div:2
load:0x3fff0030,len:7176
load:0x40078000,len:15564
ho 0 tail 12 room 4
load:0x40080400,len:4
load:0x40080404,len:3904
entry 0x40080640
[0;32mI (31) boot: ESP-IDF v5.3.1-dirty 2nd stage bootloader[0m
[0;32mI (31) boot: compile time Aug 22 2025 17:09:14[0m
[0;32mI (31) boot: Multicore bootloader[0m
[0;32mI (36) boot: chip revision: v3.1[0m
[0;32mI (40) boot.esp32: SPI Speed      : 40MHz[0m
[0;32mI (44) boot.esp32: SPI Mode       : DIO[0m
[0;32mI (49) boot.esp32: SPI Flash Size : 2MB[0m
[0;32mI (53) boot: Enabling RNG early entropy source...[0m
[0;32mI (59) boot: Partition Table:[0m
[0;32mI (62) boot: ## Label            Usage          Type ST Offset   Length[0m
[0;32mI (70) boot:  0 nvs              WiFi data        01 02 00009000 00006000[0m
[0;32mI (77) boot:  1 phy_init         RF data          01 01 0000f000 00001000[0m
[0;32mI (85) boot:  2 factory          factory app      00 00 00010000 00100000[0m
[0;32mI (92) boot: End of partition table[0m
[0;32mI (96) esp_image: segment 0: paddr=00010020 vaddr=3f400020 size=0acc8h ( 44232) map[0m
[0;32mI (120) esp_image: segment 1: paddr=0001acf0 vaddr=3ffb0000 size=02394h (  9108) load[0m
[0;32mI (124) esp_image: segment 2: paddr=0001d08c vaddr=40080000 size=02f8ch ( 12172) load[0m
[0;32mI (131) esp_image: segment 3: paddr=00020020 vaddr=400d0020 size=16624h ( 91684) map[0m
[0;32mI (166) esp_image: segment 4: paddr=0003664c vaddr=40082f8c size=0b068h ( 45160) load[0m
[0;32mI (191) boot: Loaded app from partition at offset 0x10000[0m
[0;32mI (191) boot: Disabling RNG early entropy source...[0m
[0;32mI (203) cpu_start: Multicore app[0m
[0;32mI (211) cpu_start: Pro cpu start user code[0m
[0;32mI (211) cpu_start: cpu freq: 160000000 Hz[0m
[0;32mI (211) app_init: Application information:[0m
[0;32mI (214) app_init: Project name:     mpu_test[0m
[0;32mI (219) app_init: App version:      c5f12b2-dirty[0m
[0;32mI (224) app_init: Compile time:     Aug 22 2025 19:08:33[0m
[0;32mI (230) app_init: ELF file SHA256:  4ff815f99...[0m
[0;32mI (236) app_init: ESP-IDF:          v5.3.1-dirty[0m
[0;32mI (241) efuse_init: Min chip rev:     v0.0[0m
[0;32mI (246) efuse_init: Max chip rev:     v3.99 [0m
[0;32mI (251) efuse_init: Chip rev:         v3.1[0m
[0;32mI (256) heap_init: Initializing. RAM available for dynamic allocation:[0m
[0;32mI (263) heap_init: At 3FFAE6E0 len 00001920 (6 KiB): DRAM[0m
[0;32mI (269) heap_init: At 3FFB2C98 len 0002D368 (180 KiB): DRAM[0m
[0;32mI (275) heap_init: At 3FFE0440 len 00003AE0 (14 KiB): D/IRAM[0m
[0;32mI (281) heap_init: At 3FFE4350 len 0001BCB0 (111 KiB): D/IRAM[0m
[0;32mI (288) heap_init: At 4008E000 len 00012000 (72 KiB): IRAM[0m
[0;32mI (295) spi_flash: detected chip: generic[0m
[0;32mI (298) spi_flash: flash io: dio[0m
[0;33mW (302) spi_flash: Detected size(4096k) larger than the size in the binary image header(2048k). Using the size in the binary image header.[0m
[0;33mW (315) i2c: This driver is an old driver, please migrate your application code to adapt `driver/i2c_master.h`[0m
[0;32mI (327) main_task: Started on CPU0[0m
[0;32mI (337) main_task: Calling app_main()[0m
[0;32mI (337) MPU_TEST: Error reset: 4[0m
[0;32mI (337) MPU_TEST: Starting MPU...[0m
[0;31mE (587) i2c: i2c command link malloc error[0m
[0;31mE (587) i2c: i2c_master_start(1279): i2c command link error[0m
[0;31mE (587) i2c: i2c_master_write_byte(1318): i2c command link error[0m
[0;31mE (587) i2c: i2c_master_start(1279): i2c command link error[0m
[0;31mE (587) i2c: i2c_master_start(1279): i2c command link error[0m
[0;31mE (607) i2c: i2c_master_start(1279): i2c command link error[0m
[0;31mE (587) i2c: i2c_master_start(1279): i2c command link error[0m
[0;31mE (587) i2c: i2c_master_start(1279): i2c command link error[0m
[0;31mE (587)
***ERROR*** A stack overflow in task mpu_read_task has been detected.


Backtrace: 0x40081936:0x3ffb4c10 0x400867c9:0x3ffb4c30 0x4008765e:0x3ffb4c50 0x400886c3:0x3ffb4cd0 0x40087768:0x3ffb4cf0 0x4008771a:0x00000000 |<-CORRUPTED




ELF file SHA256: 4ff815f99

Rebooting...
ets Jul 29 2019 12:21:46

rst:0xc (SW_CPU_RESET),boot:0x13 (SPI_FAST_FLASH_BOOT)
configsip: 0, SPIWP:0xee
clk_drv:0x00,q_drv:0x00,d_drv:0x00,cs0_drv:0x00,hd_drv:0x00,wp_drv:0x00
mode:DIO, clock div:2
load:0x3fff0030,len:7176
load:0x40078000,len:15564
ho 0 tail 12 room 4
load:0x40080400,len:4
load:0x40080404,len:3904
entry 0x40080640
[0;32mI (31) boot: ESP-IDF v5.3.1-dirty 2nd stage bootloader[0m
[0;32mI (31) boot: compile time Aug 22 2025 17:09:14[0m
[0;32mI (31) boot: Multicore bootloader[0m
[0;32mI (36) boot: chip revision: v3.1[0m
[0;32mI (40) boot.esp32: SPI Speed      : 40MHz[0m
[0;32mI (44) boot.esp32: SPI Mode       : DIO[0m
[0;32mI (49) boot.esp32: SPI Flash Size : 2MB[0m
[0;32mI (53) boot: Enabling RNG early entropy source...[0m
[0;32mI (59) boot: Partition Table:[0m
[0;32mI (62) boot: ## Label            Usage          Type ST Offset   Length[0m
[0;32mI (70) boot:  0 nvs              WiFi data        01 02 00009000 00006000[0m
[0;32mI (77) boot:  1 phy_init         RF data          01 01 0000f000 00001000[0m
[0;32mI (85) boot:  2 factory          factory app      00 00 00010000 00100000[0m
[0;32mI (92) boot: End of partition table[0m
[0;32mI (96) esp_image: segment 0: paddr=00010020 vaddr=3f400020 size=0acc8h ( 44232) map[0m
[0;32mI (120) esp_image: segment 1: paddr=0001acf0 vaddr=3ffb0000 size=02394h (  9108) load[0m
[0;32mI (124) esp_image: segment 2: paddr=0001d08c vaddr=40080000 size=02f8ch ( 12172) load[0m
[0;32mI (131) esp_image: segment 3: paddr=00020020 vaddr=400d0020 size=16624h ( 91684) map[0m
[0;32mI (166) esp_image: segment 4: paddr=0003664c vaddr=40082f8c size=0b068h ( 45160) load[0m
[0;32mI (191) boot: Loaded app from partition at offset 0x10000[0m
[0;32mI (191) boot: Disabling RNG early entropy source...[0m
[0;32mI (203) cpu_start: Multicore app[0m
[0;32mI (211) cpu_start: Pro cpu start user code[0m
[0;32mI (211) cpu_start: cpu freq: 160000000 Hz[0m
[0;32mI (211) app_init: Application information:[0m
[0;32mI (214) app_init: Project name:     mpu_test[0m
[0;32mI (219) app_init: App version:      c5f12b2-dirty[0m
[0;32mI (224) app_init: Compile time:     Aug 22 2025 19:08:33[0m
[0;32mI (230) app_init: ELF file SHA256:  4ff815f99...[0m
[0;32mI (236) app_init: ESP-IDF:          v5.3.1-dirty[0m
[0;32mI (241) efuse_init: Min chip rev:     v0.0[0m
[0;32mI (246) efuse_init: Max chip rev:     v3.99 [0m
[0;32mI (251) efuse_init: Chip rev:         v3.1[0m
[0;32mI (256) heap_init: Initializing. RAM available for dynamic allocation:[0m
[0;32mI (263) heap_init: At 3FFAE6E0 len 00001920 (6 KiB): DRAM[0m
[0;32mI (269) heap_init: At 3FFB2C98 len 0002D368 (180 KiB): DRAM[0m
[0;32mI (275) heap_init: At 3FFE0440 len 00003AE0 (14 KiB): D/IRAM[0m
[0;32mI (281) heap_init: At 3FFE4350 len 0001BCB0 (111 KiB): D/IRAM[0m
[0;32mI (288) heap_init: At 4008E000 len 00012000 (72 KiB): IRAM[0m
[0;32mI (295) spi_flash: detected chip: generic[0m
[0;32mI (298) spi_flash: flash io: dio[0m
[0;33mW (302) spi_flash: Detected size(4096k) larger than the size in the binary image header(2048k). Using the size in the binary image header.[0m
[0;33mW (315) i2c: This driver is an old driver, please migrate your application code to adapt `driver/i2c_master.h`[0m
[0;32mI (327) main_task: Started on CPU0[0m
[0;32mI (337) main_task: Calling app_main()[0m
[0;32mI (337) MPU_TEST: Error reset: 4[0m
[0;32mI (337) MPU_TEST: Starting MPU...[0m
[0;31mE (597) i2c: i2c command link malloc error[0m
[0;31mE (597) i2c: i2c_master_start(1279): i2c command link error[0m
[0;31mE (597) i2c: i2c_master_start(1279): i2c command link error[0m
[0;31mE (597) i2c: i2c_master_write_byte(1318): i2c command link error[0m
[0;31mE (597) i2c: i2c_master_start(1279): i2c command link error[0m
[0;31mE (617) i2c: i2c_master_write_byte(1318): i2c command link error[0m
[0;31mE (617) i2c: i2c_master_write_byte(1318): i2c command link error[0m
[0;31mE (597) i2c: i2c_master_start(1279): i2c command link error[0m
[0;31mE (597) i2c: i2c_master_start(1279): i2c command link error[0m
[0;31mE (597) i2c: i2c_master_start(1279): i2c command link error[0m
[0;31mE (597) i2c: i2c_master_start(1279): i2c command link error[0m
[0;31mE (597) i2c: i2c_master_start(1279): i2c command link error[0m
[0;31mE (597) i2c: i2c command link malloc error[0m
[0;31mE (597) i2c: i2c_master_start(1279): i2c command link error[0m
[0;31mE (597) i2c: i2c_master_start(1279): i2c command link error[0m
[0;31mE (597) i2c: i2c_master_start(1279): i2c command link error[0m
[0;31mE (597) i2c: i2c_master_write_byte(1318): i2c command link error[0m
[0;31mE (597) i2c: i2c_master_start(1279): i2c command link error[0m
[0;31mE (597) i2c: i2c_master_start(1279): i2c command link error[0m
[0;31mE (597) i2c: i2c_master_start(1279): i2c command link error[0m
[0;31mE (597) i2c: i2c_master_start(1279): i2c command link error[0m
[0;31mE (597) i2c: i2c_master_start(1279): i2c command link error[0m
[0;31mE (597) i2c: i2c_master_start(1279): i2c command link error[0m
[0;31mE (597) i2c: i2c_master_start(1279): i2c command link error[0m
[0;31mE (727) i2c: i2c_master_write_byte(1318): i2c command link error[0m
[0;31mE (737) i2c: i2c_master_write_byte(1318): i2c command link error[0m
[0;31mE (747) i2c: i2c_master_write_byte(1318): i2c command link error[0m
[0;31mE (597) i2c: i2c command link malloc error[0m

***ERROR*** A stack overflow in task mpu_read_task has been detected.


Backtrace: 0x40081936:0x3ffbfeb0 0x400867c9:0x3ffbfed0 0x4008765e:0x3ffbfef0 0x400886c3:0x3ffbff70 0x40087768:0x3ffbff90 0x4008771a:0xa5a5a5a5 |<-CORRUPTED




ELF file SHA256: 4ff815f99

Rebooting...
ets Jul 29 2019 12:21:46

rst:0xc (SW_CPU_RESET),boot:0x13 (SPI_FAST_FLASH_BOOT)
configsip: 0, SPIWP:0xee
clk_drv:0x00,q_drv:0x00,d_drv:0x00,cs0_drv:0x00,hd_drv:0x00,wp_drv:0x00
mode:DIO, clock div:2
load:0x3fff0030,len:7176
load:0x40078000,len:15564
ho 0 tail 12 room 4
load:0x40080400,len:4
load:0x40080404,len:3904
entry 0x40080640
[0;32mI (31) boot: ESP-IDF v5.3.1-dirty 2nd stage bootloader[0m
[0;32mI (31) boot: compile time Aug 22 2025 17:09:14[0m
[0;32mI (31) boot: Multicore bootloader[0m
[0;32mI (36) boot: chip revision: v3.1[0m
[0;32mI (40) boot.esp32: SPI Speed      : 40MHz[0m
[0;32mI (44) boot.esp32: SPI Mode       : DIO[0m
[0;32mI (49) boot.esp32: SPI Flash Size : 2MB[0m
[0;32mI (53) boot: Enabling RNG early entropy source...[0m
[0;32mI (59) boot: Partition Table:[0m
[0;32mI (62) boot: ## Label            Usage          Type ST Offset   Length[0m
[0;32mI (70) boot:  0 nvs              WiFi data        01 02 00009000 00006000[0m
[0;32mI (77) boot:  1 phy_init         RF data          01 01 0000f000 00001000[0m
[0;32mI (85) boot:  2 factory          factory app      00 00 00010000 00100000[0m
[0;32mI (92) boot: End of partition table[0m
[0;32mI (96) esp_image: segment 0: paddr=00010020 vaddr=3f400020 size=0acc8h ( 44232) map[0m
[0;32mI (120) esp_image: segment 1: paddr=0001acf0 vaddr=3ffb0000 size=02394h (  9108) load[0m
[0;32mI (124) esp_image: segment 2: paddr=0001d08c vaddr=40080000 size=02f8ch ( 12172) load[0m
[0;32mI (131) esp_image: segment 3: paddr=00020020 vaddr=400d0020 size=16624h ( 91684) map[0m
[0;32mI (166) esp_image: segment 4: paddr=0003664c vaddr=40082f8c size=0b068h ( 45160) load[0m
[0;32mI (191) boot: Loaded app from partition at offset 0x10000[0m
[0;32mI (191) boot: Disabling RNG early entropy source...[0m
[0;32mI (203) cpu_start: Multicore app[0m
[0;32mI (211) cpu_start: Pro cpu start user code[0m
[0;32mI (211) cpu_start: cpu freq: 160000000 Hz[0m
[0;32mI (211) app_init: Application information:[0m
[0;32mI (214) app_init: Project name:     mpu_test[0m
[0;32mI (219) app_init: App version:      c5f12b2-dirty[0m
[0;32mI (224) app_init: Compile time:     Aug 22 2025 19:08:33[0m
[0;32mI (230) app_init: ELF file SHA256:  4ff815f99...[0m
[0;32mI (235) app_init: ESP-IDF:          v5.3.1-dirty[0m
[0;32mI (241) efuse_init: Min chip rev:     v0.0[0m
[0;32mI (245) efuse_init: Max chip rev:     v3.99 [0m
[0;32mI (250) efuse_init: Chip rev:         v3.1[0m
[0;32mI (256) heap_init: Initializing. RAM available for dynamic allocation:[0m
[0;32mI (263) heap_init: At 3FFAE6E0 len 00001920 (6 KiB): DRAM[0m
[0;32mI (269) heap_init: At 3FFB2C98 len 0002D368 (180 KiB): DRAM[0m
[0;32mI (275) heap_init: At 3FFE0440 len 00003AE0 (14 KiB): D/IRAM[0m
[0;32mI (281) heap_init: At 3FFE4350 len 0001BCB0 (111 KiB): D/IRAM[0m
[0;32mI (288) heap_init: At 4008E000 len 00012000 (72 KiB): IRAM[0m
[0;32mI (295) spi_flash: detected chip: generic[0m
[0;32mI (298) spi_flash: flash io: dio[0m
[0;33mW (302) spi_flash: Detected size(4096k) larger than the size in the binary image header(2048k). Using the size in the binary image header.[0m
[0;33mW (315) i2c: This driver is an old driver, please migrate your application code to adapt `driver/i2c_master.h`[0m
[0;32mI (327) main_task: Started on CPU0[0m
[0;32mI (337) main_task: Calling app_main()[0m
[0;32mI (337) MPU_TEST: Error reset: 4[0m
[0;32mI (337) MPU_TEST: Starting MPU...[0m
[0;31mE (587) i2c: i2c command link malloc error[0m
[0;31mE (587) i2c: i2c_master_start(1279): i2c command link error[0m
[0;31mE (587) i2c: i2c_master_write_byte(1318): i2c command link error[0m
[0;31mE (587) i2c: i2c_master_start(1279): i2c command link error[0m
[0;31mE (587) i2c: i2c_master_start(1279): i2c command link error[0m
[0;31mE (607) i2c: i2c_master_start(1279): i2c command link error[0m
[0;31mE (587) i2c: i2c_master_start(1279): i2c command link error[0m
[0;31mE (587) i2c: i2c_master_start(1279): i2c command link error[0m
[0;31mE (587)
***ERROR*** A stack overflow in task mpu_read_task has been detected.


Backtrace: 0x40081936:0x3ffb4c10 0x400867c9:0x3ffb4c30 0x4008765e:0x3ffb4c50 0x400886c3:0x3ffb4cd0 0x40087768:0x3ffb4cf0 0x4008771a:0x00000000 |<-CORRUPTED




ELF file SHA256: 4ff815f99

Rebooting...
ets Jul 29 2019 12:21:46

rst:0xc (SW_CPU_RESET),boot:0x13 (SPI_FAST_FLASH_BOOT)
configsip: 0, SPIWP:0xee
clk_drv:0x00,q_drv:0x00,d_drv:0x00,cs0_drv:0x00,hd_drv:0x00,wp_drv:0x00
mode:DIO, clock div:2
load:0x3fff0030,len:7176
load:0x40078000,len:15564
ho 0 tail 12 room 4
load:0x40080400,len:4
load:0x40080404,len:3904
entry 0x40080640
[0;32mI (31) boot: ESP-IDF v5.3.1-dirty 2nd stage bootloader[0m
[0;32mI (31) boot: compile time Aug 22 2025 17:09:14[0m
[0;32mI (31) boot: Multicore bootloader[0m
[0;32mI (36) boot: chip revision: v3.1[0m
[0;32mI (40) boot.esp32: SPI Speed      : 40MHz[0m
[0;32mI (44) boot.esp32: SPI Mode       : DIO[0m
[0;32mI (49) boot.esp32: SPI Flash Size : 2MB[0m
[0;32mI (53) boot: Enabling RNG early entropy source...[0m
[0;32mI (59) boot: Partition Table:[0m
[0;32mI (62) boot: ## Label            Usage          Type ST Offset   Length[0m
[0;32mI (70) boot:  0 nvs              WiFi data        01 02 00009000 00006000[0m
[0;32mI (77) boot:  1 phy_init         RF data          01 01 0000f000 00001000[0m
[0;32mI (85) boot:  2 factory          factory app      00 00 00010000 00100000[0m
[0;32mI (92) boot: End of partition table[0m
[0;32mI (96) esp_image: segment 0: paddr=00010020 vaddr=3f400020 size=0acc8h ( 44232) map[0m
[0;32mI (120) esp_image: segment 1: paddr=0001acf0 vaddr=3ffb0000 size=02394h (  9108) load[0m
[0;32mI (124) esp_image: segment 2: paddr=0001d08c vaddr=40080000 size=02f8ch ( 12172) load[0m
[0;32mI (131) esp_image: segment 3: paddr=00020020 vaddr=400d0020 size=16624h ( 91684) map[0m
[0;32mI (166) esp_image: segment 4: paddr=0003664c vaddr=40082f8c size=0b068h ( 45160) load[0m
[0;32mI (191) boot: Loaded app from partition at offset 0x10000[0m
[0;32mI (191) boot: Disabling RNG early entropy source...[0m
[0;32mI (203) cpu_start: Multicore app[0m
[0;32mI (211) cpu_start: Pro cpu start user code[0m
[0;32mI (211) cpu_start: cpu freq: 160000000 Hz[0m
[0;32mI (211) app_init: Application information:[0m
[0;32mI (214) app_init: Project name:     mpu_test[0m
[0;32mI (219) app_init: App version:      c5f12b2-dirty[0m
[0;32mI (224) app_init: Compile time:     Aug 22 2025 19:08:33[0m
[0;32mI (230) app_init: ELF file SHA256:  4ff815f99...[0m
[0;32mI (236) app_init: ESP-IDF:          v5.3.1-dirty[0m
[0;32mI (241) efuse_init: Min chip rev:     v0.0[0m
[0;32mI (246) efuse_init: Max chip rev:     v3.99 [0m
[0;32mI (251) efuse_init: Chip rev:         v3.1[0m
[0;32mI (256) heap_init: Initializing. RAM available for dynamic allocation:[0m
[0;32mI (263) heap_init: At 3FFAE6E0 len 00001920 (6 KiB): DRAM[0m
[0;32mI (269) heap_init: At 3FFB2C98 len 0002D368 (180 KiB): DRAM[0m
[0;32mI (275) heap_init: At 3FFE0440 len 00003AE0 (14 KiB): D/IRAM[0m
[0;32mI (281) heap_init: At 3FFE4350 len 0001BCB0 (111 KiB): D/IRAM[0m
[0;32mI (288) heap_init: At 4008E000 len 00012000 (72 KiB): IRAM[0m
[0;32mI (295) spi_flash: detected chip: generic[0m
[0;32mI (298) spi_flash: flash io: dio[0m
[0;33mW (302) spi_flash: Detected size(4096k) larger than the size in the binary image header(2048k). Using the size in the binary image header.[0m
[0;33mW (316) i2c: This driver is an old driver, please migrate your application code to adapt `driver/i2c_master.h`[0m
[0;32mI (327) main_task: Started on CPU0[0m
[0;32mI (337) main_task: Calling app_main()[0m
[0;32mI (337) MPU_TEST: Error reset: 4[0m
[0;32mI (337) MPU_TEST: Starting MPU...[0m
[0;31mE (597) i2c: i2c command link malloc error[0m
[0;31mE (597) i2c: i2c_master_start(1279): i2c command link error[0m
[0;31mE (597) i2c: i2c_master_start(1279): i2c command link error[0m
[0;31mE (597) i2c: i2c_master_write_byte(1318): i2c command link error[0m
[0;31mE (597) i2c: i2c_master_start(1279): i2c command link error[0m
[0;31mE (617) i2c: i2c_master_write_byte(1318): i2c command link error[0m
[0;31mE (617) i2c: i2c_master_write_byte(1318): i2c command link error[0m
[0;31mE (597) i2c: i2c_master_start(1279): i2c command link error[0m
[0;31mE (597) i2c: i2c_master_start(1279): i2c command link error[0m
[0;31mE (597) i2c: i2c_master_start(1279): i2c command link error[0m
[0;31mE (597) i2c: i2c_master_start(1279): i2c command link error[0m
[0;31mE (597) i2c: i2c_master_start(1279): i2c command link error[0m
[0;31mE (597) i2c: i2c command link malloc error[0m
[0;31mE (597) i2c: i2c_master_start(1279): i2c command link error[0m
[0;31mE (597) i2c: i2c_master_start(1279): i2c command link error[0m
[0;31mE (597) i2c: i2c_master_start(1279): i2c command link error[0m
[0;31mE (597) i2c: i2c_master_write_byte(1318): i2c command link error[0m
[0;31mE (597) i2c: i2c_master_start(1279): i2c command link error[0m
[0;31mE (597) i2c: i2c_master_start(1279): i2c command link error[0m
[0;31mE (597) i2c: i2c_master_start(1279): i2c command link error[0m
[0;31mE (597) i2c: i2c_master_start(1279): i2c command link error[0m
[0;31mE (597) i2c: i2c_master_start(1279): i2c command link error[0m
[0;31mE (597) i2c: i2c_master_start(1279): i2c command link error[0m
[0;31mE (597) i2c: i2c_master_start(1279): i2c command link error[0m
[0;31mE (727) i2c: i2c_master_write_byte(1318): i2c command link error[0m
[0;31mE (737) i2c: i2c_master_write_byte(1318): i2c command link error[0m
[0;31mE (747) i2c: i2c_master_write_byte(1318): i2c command link error[0m
[0;31mE (597) i2c: i2c command link malloc error[0m

***ERROR*** A stack overflow in task mpu_read_task has been detected.


Backtrace: 0x40081936:0x3ffbfeb0 0x400867c9:0x3ffbfed0 0x4008765e:0x3ffbfef0 0x400886c3:0x3ffbff70 0x40087768:0x3ffbff90 0x4008771a:0xa5a5a5a5 |<-CORRUPTED




ELF file SHA256: 4ff815f99

Rebooting...
ets Jul 29 2019 12:21:46

rst:0xc (SW_CPU_RESET),boot:0x13 (SPI_FAST_FLASH_BOOT)
configsip: 0, SPIWP:0xee
clk_drv:0x00,q_drv:0x00,d_drv:0x00,cs0_drv:0x00,hd_drv:0x00,wp_drv:0x00
mode:DIO, clock div:2
load:0x3fff0030,len:7176
load:0x40078000,len:15564
ho 0 tail 12 room 4
load:0x40080400,len:4
load:0x40080404,len:3904
entry 0x40080640
[0;32mI (31) boot: ESP-IDF v5.3.1-dirty 2nd stage bootloader[0m
[0;32mI (31) boot: compile time Aug 22 2025 17:09:14[0m
[0;32mI (31) boot: Multicore bootloader[0m
[0;32mI (36) boot: chip revision: v3.1[0m
[0;32mI (40) boot.esp32: SPI Speed      : 40MHz[0m
[0;32mI (44) boot.esp32: SPI Mode       : DIO[0m
[0;32mI (49) boot.esp32: SPI Flash Size : 2MB[0m
[0;32mI (53) boot: Enabling RNG early entropy source...[0m
[0;32mI (59) boot: Partition Table:[0m
[0;32mI (62) boot: ## Label            Usage          Type ST Offset   Length[0m
[0;32mI (70) boot:  0 nvs              WiFi data        01 02 00009000 00006000[0m
[0;32mI (77) boot:  1 phy_init         RF data          01 01 0000f000 00001000[0m
[0;32mI (85) boot:  2 factory          factory app      00 00 00010000 00100000[0m
[0;32mI (92) boot: End of partition table[0m
[0;32mI (96) esp_image: segment 0: paddr=00010020 vaddr=3f400020 size=0acc8h ( 44232) map[0m
[0;32mI (120) esp_image: segment 1: paddr=0001acf0 vaddr=3ffb0000 size=02394h (  9108) load[0m
[0;32mI (124) esp_image: segment 2: paddr=0001d08c vaddr=40080000 size=02f8ch ( 12172) load[0m
[0;32mI (131) esp_image: segment 3: paddr=00020020 vaddr=400d0020 size=16624h ( 91684) map[0m
[0;32mI (166) esp_image: segment 4: paddr=0003664c vaddr=40082f8c size=0b068h ( 45160) load[0m
[0;32mI (191) boot: Loaded app from partition at offset 0x10000[0m
[0;32mI (191) boot: Disabling RNG early entropy source...[0m
[0;32mI (203) cpu_start: Multicore app[0m
[0;32mI (211) cpu_start: Pro cpu start user code[0m
[0;32mI (211) cpu_start: cpu freq: 160000000 Hz[0m
[0;32mI (211) app_init: Application information:[0m
[0;32mI (214) app_init: Project name:     mpu_test[0m
[0;32mI (219) app_init: App version:      c5f12b2-dirty[0m
[0;32mI (224) app_init: Compile time:     Aug 22 2025 19:08:33[0m
[0;32mI (230) app_init: ELF file SHA256:  4ff815f99...[0m
[0;32mI (235) app_init: ESP-IDF:          v5.3.1-dirty[0m
[0;32mI (241) efuse_init: Min chip rev:     v0.0[0m
[0;32mI (245) efuse_init: Max chip rev:     v3.99 [0m
[0;32mI (250) efuse_init: Chip rev:         v3.1[0m
[0;32mI (256) heap_init: Initializing. RAM available for dynamic allocation:[0m
[0;32mI (263) heap_init: At 3FFAE6E0 len 00001920 (6 KiB): DRAM[0m
[0;32mI (269) heap_init: At 3FFB2C98 len 0002D368 (180 KiB): DRAM[0m
[0;32mI (275) heap_init: At 3FFE0440 len 00003AE0 (14 KiB): D/IRAM[0m
[0;32mI (281) heap_init: At 3FFE4350 len 0001BCB0 (111 KiB): D/IRAM[0m
[0;32mI (288) heap_init: At 4008E000 len 00012000 (72 KiB): IRAM[0m
[0;32mI (295) spi_flash: detected chip: generic[0m
[0;32mI (298) spi_flash: flash io: dio[0m
[0;33mW (302) spi_flash: Detected size(4096k) larger than the size in the binary image header(2048k). Using the size in the binary image header.[0m
[0;33mW (315) i2c: This driver is an old driver, please migrate your application code to adapt `driver/i2c_master.h`[0m
[0;32mI (327) main_task: Started on CPU0[0m
[0;32mI (337) main_task: Calling app_main()[0m
[0;32mI (337) MPU_TEST: Error reset: 4[0m
[0;32mI (337) MPU_TEST: Starting MPU...[0m
[0;31mE (587) i2c: i2c command link malloc error[0m
[0;31mE (587) i2c: i2c_master_start(1279): i2c command link error[0m
[0;31mE (587) i2c: i2c_master_write_byte(1318): i2c command link error[0m
[0;31mE (587) i2c: i2c_master_start(1279): i2c command link error[0m
[0;31mE (587) i2c: i2c_master_start(1279): i2c command link error[0m
[0;31mE (607) i2c: i2c_master_start(1279): i2c command link error[0m
[0;31mE (587) i2c: i2c_master_start(1279): i2c command link error[0m
[0;31mE (587) i2c: i2c_master_start(1279): i2c command link error[0m
[0;31mE (587)
***ERROR*** A stack overflow in task mpu_read_task has been detected.


Backtrace: 0x40081936:0x3ffb4c10 0x400867c9:0x3ffb4c30 0x4008765e:0x3ffb4c50 0x400886c3:0x3ffb4cd0 0x40087768:0x3ffb4cf0 0x4008771a:0x00000000 |<-CORRUPTED




ELF file SHA256: 4ff815f99

Rebooting...
ets Jul 29 2019 12:21:46

rst:0xc (SW_CPU_RESET),boot:0x13 (SPI_FAST_FLASH_BOOT)
configsip: 0, SPIWP:0xee
clk_drv:0x00,q_drv:0x00,d_drv:0x00,cs0_drv:0x00,hd_drv:0x00,wp_drv:0x00
mode:DIO, clock div:2
load:0x3fff0030,len:7176
load:0x40078000,len:15564
ho 0 tail 12 room 4
load:0x40080400,len:4
load:0x40080404,len:3904
entry 0x40080640
[0;32mI (31) boot: ESP-IDF v5.3.1-dirty 2nd stage bootloader[0m
[0;32mI (31) boot: compile time Aug 22 2025 17:09:14[0m
[0;32mI (31) boot: Multicore bootloader[0m
[0;32mI (36) boot: chip revision: v3.1[0m
[0;32mI (40) boot.esp32: SPI Speed      : 40MHz[0m
[0;32mI (44) boot.esp32: SPI Mode       : DIO[0m
[0;32mI (49) boot.esp32: SPI Flash Size : 2MB[0m
[0;32mI (53) boot: Enabling RNG early entropy source...[0m
[0;32mI (59) boot: Partition Table:[0m
[0;32mI (62) boot: ## Label            Usage          Type ST Offset   Length[0m
[0;32mI (70) boot:  0 nvs              WiFi data        01 02 00009000 00006000[0m
[0;32mI (77) boot:  1 phy_init         RF data          01 01 0000f000 00001000[0m
[0;32mI (85) boot:  2 factory          factory app      00 00 00010000 00100000[0m
[0;32mI (92) boot: End of partition table[0m
[0;32mI (96) esp_image: segment 0: paddr=00010020 vaddr=3f400020 size=0acc8h ( 44232) map[0m
[0;32mI (120) esp_image: segment 1: paddr=0001acf0 vaddr=3ffb0000 size=02394h (  9108) load[0m
[0;32mI (124) esp_image: segment 2: paddr=0001d08c vaddr=40080000 size=02f8ch ( 12172) load[0m
[0;32mI (131) esp_image: segment 3: paddr=00020020 vaddr=400d0020 size=16624h ( 91684) map[0m
[0;32mI (166) esp_image: segment 4: paddr=0003664c vaddr=40082f8c size=0b068h ( 45160) load[0m
[0;32mI (191) boot: Loaded app from partition at offset 0x10000[0m
[0;32mI (191) boot: Disabling RNG early entropy source...[0m
[0;32mI (203) cpu_start: Multicore app[0m
[0;32mI (211) cpu_start: Pro cpu start user code[0m
[0;32mI (211) cpu_start: cpu freq: 160000000 Hz[0m
[0;32mI (211) app_init: Application information:[0m
[0;32mI (214) app_init: Project name:     mpu_test[0m
[0;32mI (219) app_init: App version:      c5f12b2-dirty[0m
[0;32mI (224) app_init: Compile time:     Aug 22 2025 19:08:33[0m
[0;32mI (230) app_init: ELF file SHA256:  4ff815f99...[0m
[0;32mI (236) app_init: ESP-IDF:          v5.3.1-dirty[0m
[0;32mI (241) efuse_init: Min chip rev:     v0.0[0m
[0;32mI (246) efuse_init: Max chip rev:     v3.99 [0m
[0;32mI (251) efuse_init: Chip rev:         v3.1[0m
[0;32mI (256) heap_init: Initializing. RAM available for dynamic allocation:[0m
[0;32mI (263) heap_init: At 3FFAE6E0 len 00001920 (6 KiB): DRAM[0m
[0;32mI (269) heap_init: At 3FFB2C98 len 0002D368 (180 KiB): DRAM[0m
[0;32mI (275) heap_init: At 3FFE0440 len 00003AE0 (14 KiB): D/IRAM[0m
[0;32mI (281) heap_init: At 3FFE4350 len 0001BCB0 (111 KiB): D/IRAM[0m
[0;32mI (288) heap_init: At 4008E000 len 00012000 (72 KiB): IRAM[0m
[0;32mI (295) spi_flash: detected chip: generic[0m
[0;32mI (298) spi_flash: flash io: dio[0m
[0;33mW (302) spi_flash: Detected size(4096k) larger than the size in the binary image header(2048k). Using the size in the binary image header.[0m
[0;33mW (316) i2c: This driver is an old driver, please migrate your application code to adapt `driver/i2c_master.h`[0m
[0;32mI (327) main_task: Started on CPU0[0m
[0;32mI (337) main_task: Calling app_main()[0m
[0;32mI (337) MPU_TEST: Error reset: 4[0m
[0;32mI (337) MPU_TEST: Starting MPU...[0m
[0;31mE (597) i2c: i2c command link malloc error[0m
[0;31mE (597) i2c: i2c_master_start(1279): i2c command link error[0m
[0;31mE (597) i2c: i2c_master_start(1279): i2c command link error[0m
[0;31mE (597) i2c: i2c_master_write_byte(1318): i2c command link error[0m
[0;31mE (607) i2c: i2c_master_write_byte(1318): i2c command link error[0m
[0;31mE (617) i2c: i2c_master_write_byte(1318): i2c command link error[0m
[0;31mE (617) i2c: i2c_master_stop(1287): i2c command link error[0m
[0;31mE (627) i2c: i2c_master_cmd_begin(1533): i2c command link error[0m
[0;31mE (637) i2c: i2c command link malloc error[0m
[0;31mE (597) i2c: i2c_master_start(1279): i2c command link error[0m
[0;31mE (597) i2c: i2c_master_start(1279): i2c command link error[0m
[0;31mE (597) i2c: i2c_master_start(1279): i2c command link error[0m
[0;31mE (597) i2c: i2c command link malloc error[0m
[0;31mE (597) i2c: i2c_master_start(1279): i2c command link error[0m
[0;31mE (597) i2c: i2c_master_start(1279): i2c command link error[0m
[0;31mE (597) i2c: i2c_master_start(1279): i2c command link error[0m
[0;31mE (597) i2c: i2c_master_write_byte(1318): i2c command link error[0m
[0;31mE (597) i2c: i2c_master_start(1279): i2c command link error[0m
[0;31mE (597) i2c: i2c_master_start(1279): i2c command link error[0m
[0;31mE (597) i2c: i2c_master_start(1279): i2c command link error[0m
[0;31mE (597) i2c: i2c_master_start(1279): i2c command link error[0m
[0;31mE (597) i2c: i2c_master_start(1279): i2c command link error[0m
[0;31mE (597) i2c: i2c_master_start(1279): i2c command link error[0m
[0;31mE (597) i2c: i2c_master_start(1279): i2c command link error[0m
[0;31mE (727) i2c: i2c_master_write_byte(1318): i2c command link error[0m
[0;31mE (737) i2c: i2c_master_write_byte(1318): i2c command link error[0m
[0;31mE (747) i2c: i2c_master_write_byte(1318): i2c command link error[0m
[0;31mE (597) i2c: i2c command link malloc error[0m

***ERROR*** A stack overflow in task mpu_read_task has been detected.


Backtrace: 0x40081936:0x3ffbfeb0 0x400867c9:0x3ffbfed0 0x4008765e:0x3ffbfef0 0x400886c3:0x3ffbff70 0x40087768:0x3ffbff90 0x4008771a:0xa5a5a5a5 |<-CORRUPTED




ELF file SHA256: 4ff815f99

Rebooting...
ets Jul 29 2019 12:21:46

rst:0xc (SW_CPU_RESET),boot:0x13 (SPI_FAST_FLASH_BOOT)
configsip: 0, SPIWP:0xee
clk_drv:0x00,q_drv:0x00,d_drv:0x00,cs0_drv:0x00,hd_drv:0x00,wp_drv:0x00
mode:DIO, clock div:2
load:0x3fff0030,len:7176
load:0x40078000,len:15564
ho 0 tail 12 room 4
load:0x40080400,len:4
load:0x40080404,len:3904
entry 0x40080640
[0;32mI (31) boot: ESP-IDF v5.3.1-dirty 2nd stage bootloader[0m
[0;32mI (31) boot: compile time Aug 22 2025 17:09:14[0m
[0;32mI (31) boot: Multicore bootloader[0m
[0;32mI (36) boot: chip revision: v3.1[0m
[0;32mI (40) boot.esp32: SPI Speed      : 40MHz[0m
[0;32mI (44) boot.esp32: SPI Mode       : DIO[0m
[0;32mI (49) boot.esp32: SPI Flash Size : 2MB[0m
[0;32mI (53) boot: Enabling RNG early entropy source...[0m
[0;32mI (59) boot: Partition Table:[0m
[0;32mI (62) boot: ## Label            Usage          Type ST Offset   Length[0m
[0;32mI (70) boot:  0 nvs              WiFi data        01 02 00009000 00006000[0m
[0;32mI (77) boot:  1 phy_init         RF data          01 01 0000f000 00001000[0m
[0;32mI (85) boot:  2 factory          factory app      00 00 00010000 00100000[0m
[0;32mI (92) boot: End of partition table[0m
[0;32mI (96) esp_image: segment 0: paddr=00010020 vaddr=3f400020 size=0acc8h ( 44232) map[0m
[0;32mI (120) esp_image: segment 1: paddr=0001acf0 vaddr=3ffb0000 size=02394h (  9108) load[0m
[0;32mI (124) esp_image: segment 2: paddr=0001d08c vaddr=40080000 size=02f8ch ( 12172) load[0m
[0;32mI (131) esp_image: segment 3: paddr=00020020 vaddr=400d0020 size=16624h ( 91684) map[0m
[0;32mI (166) esp_image: segment 4: paddr=0003664c vaddr=40082f8c size=0b068h ( 45160) load[0m
[0;32mI (191) boot: Loaded app from partition at offset 0x10000[0m
[0;32mI (191) boot: Disabling RNG early entropy source...[0m
[0;32mI (203) cpu_start: Multicore app[0m
[0;32mI (211) cpu_start: Pro cpu start user code[0m
[0;32mI (211) cpu_start: cpu freq: 160000000 Hz[0m
[0;32mI (211) app_init: Application information:[0m
[0;32mI (214) app_init: Project name:     mpu_test[0m
[0;32mI (219) app_init: App version:      c5f12b2-dirty[0m
[0;32mI (224) app_init: Compile time:     Aug 22 2025 19:08:33[0m
[0;32mI (230) app_init: ELF file SHA256:  4ff815f99...[0m
[0;32mI (235) app_init: ESP-IDF:          v5.3.1-dirty[0m
[0;32mI (241) efuse_init: Min chip rev:     v0.0[0m
[0;32mI (245) efuse_init: Max chip rev:     v3.99 [0m
[0;32mI (250) efuse_init: Chip rev:         v3.1[0m
[0;32mI (256) heap_init: Initializing. RAM available for dynamic allocation:[0m
[0;32mI (263) heap_init: At 3FFAE6E0 len 00001920 (6 KiB): DRAM[0m
[0;32mI (269) heap_init: At 3FFB2C98 len 0002D368 (180 KiB): DRAM[0m
[0;32mI (275) heap_init: At 3FFE0440 len 00003AE0 (14 KiB): D/IRAM[0m
[0;32mI (281) heap_init: At 3FFE4350 len 0001BCB0 (111 KiB): D/IRAM[0m
[0;32mI (288) heap_init: At 4008E000 len 00012000 (72 KiB): IRAM[0m
[0;32mI (295) spi_flash: detected chip: generic[0m
[0;32mI (298) spi_flash: flash io: dio[0m
[0;33mW (302) spi_flash: Detected size(4096k) larger than the size in the binary image header(2048k). Using the size in the binary image header.[0m
[0;33mW (315) i2c: This driver is an old driver, please migrate your application code to adapt `driver/i2c_master.h`[0m
[0;32mI (327) main_task: Started on CPU0[0m
[0;32mI (337) main_task: Calling app_main()[0m
[0;32mI (337) MPU_TEST: Error reset: 4[0m
[0;32mI (337) MPU_TEST: Starting MPU...[0m
[0;31mE (587) i2c: i2c command link malloc error[0m
[0;31mE (587) i2c: i2c_master_start(1279): i2c command link error[0m
[0;31mE (587) i2c: i2c_master_write_byte(1318): i2c command link error[0m
[0;31mE (587) i2c: i2c_master_start(1279): i2c command link error[0m
[0;31mE (587) i2c: i2c_master_start(1279): i2c command link error[0m
[0;31mE (607) i2c: i2c_master_start(1279): i2c command link error[0m
[0;31mE (587) i2c: i2c_master_start(1279): i2c command link error[0m
[0;31mE (587) i2c: i2c_master_start(1279): i2c command link error[0m
[0;31mE (587)
***ERROR*** A stack overflow in task mpu_read_task has been detected.


Backtrace: 0x40081936:0x3ffb4c10 0x400867c9:0x3ffb4c30 0x4008765e:0x3ffb4c50 0x400886c3:0x3ffb4cd0 0x40087768:0x3ffb4cf0 0x4008771a:0x00000000 |<-CORRUPTED




ELF file SHA256: 4ff815f99

Rebooting...
ets Jul 29 2019 12:21:46

rst:0xc (SW_CPU_RESET),boot:0x13 (SPI_FAST_FLASH_BOOT)
configsip: 0, SPIWP:0xee
clk_drv:0x00,q_drv:0x00,d_drv:0x00,cs0_drv:0x00,hd_drv:0x00,wp_drv:0x00
mode:DIO, clock div:2
load:0x3fff0030,len:7176
load:0x40078000,len:15564
ho 0 tail 12 room 4
load:0x40080400,len:4
load:0x40080404,len:3904
entry 0x40080640
[0;32mI (31) boot: ESP-IDF v5.3.1-dirty 2nd stage bootloader[0m
[0;32mI (31) boot: compile time Aug 22 2025 17:09:14[0m
[0;32mI (31) boot: Multicore bootloader[0m
[0;32mI (36) boot: chip revision: v3.1[0m
[0;32mI (40) boot.esp32: SPI Speed      : 40MHz[0m
[0;32mI (44) boot.esp32: SPI Mode       : DIO[0m
[0;32mI (49) boot.esp32: SPI Flash Size : 2MB[0m
[0;32mI (53) boot: Enabling RNG early entropy source...[0m
[0;32mI (59) boot: Partition Table:[0m
[0;32mI (62) boot: ## Label            Usage          Type ST Offset   Length[0m
[0;32mI (70) boot:  0 nvs              WiFi data        01 02 00009000 00006000[0m
[0;32mI (77) boot:  1 phy_init         RF data          01 01 0000f000 00001000[0m
[0;32mI (85) boot:  2 factory          factory app      00 00 00010000 00100000[0m
[0;32mI (92) boot: End of partition table[0m
[0;32mI (96) esp_image: segment 0: paddr=00010020 vaddr=3f400020 size=0acc8h ( 44232) map[0m
[0;32mI (120) esp_image: segment 1: paddr=0001acf0 vaddr=3ffb0000 size=02394h (  9108) load[0m
[0;32mI (124) esp_image: segment 2: paddr=0001d08c vaddr=40080000 size=02f8ch ( 12172) load[0m
[0;32mI (131) esp_image: segment 3: paddr=00020020 vaddr=400d0020 size=16624h ( 91684) map[0m
[0;32mI (166) esp_image: segment 4: paddr=0003664c vaddr=40082f8c size=0b068h ( 45160) load[0m
[0;32mI (191) boot: Loaded app from partition at offset 0x10000[0m
[0;32mI (191) boot: Disabling RNG early entropy source...[0m
[0;32mI (203) cpu_start: Multicore app[0m
[0;32mI (211) cpu_start: Pro cpu start user code[0m
[0;32mI (211) cpu_start: cpu freq: 160000000 Hz[0m
[0;32mI (211) app_init: Application information:[0m
[0;32mI (214) app_init: Project name:     mpu_test[0m
[0;32mI (219) app_init: App version:      c5f12b2-dirty[0m
[0;32mI (224) app_init: Compile time:     Aug 22 2025 19:08:33[0m
[0;32mI (230) app_init: ELF file SHA256:  4ff815f99...[0m
[0;32mI (236) app_init: ESP-IDF:          v5.3.1-dirty[0m
[0;32mI (241) efuse_init: Min chip rev:     v0.0[0m
[0;32mI (246) efuse_init: Max chip rev:     v3.99 [0m
[0;32mI (251) efuse_init: Chip rev:         v3.1[0m
[0;32mI (256) heap_init: Initializing. RAM available for dynamic allocation:[0m
[0;32mI (263) heap_init: At 3FFAE6E0 len 00001920 (6 KiB): DRAM[0m
[0;32mI (269) heap_init: At 3FFB2C98 len 0002D368 (180 KiB): DRAM[0m
[0;32mI (275) heap_init: At 3FFE0440 len 00003AE0 (14 KiB): D/IRAM[0m
[0;32mI (281) heap_init: At 3FFE4350 len 0001BCB0 (111 KiB): D/IRAM[0m
[0;32mI (288) heap_init: At 4008E000 len 00012000 (72 KiB): IRAM[0m
[0;32mI (295) spi_flash: detected chip: generic[0m
[0;32mI (298) spi_flash: flash io: dio[0m
[0;33mW (302) spi_flash: Detected size(4096k) larger than the size in the binary image header(2048k). Using the size in the binary image header.[0m
[0;33mW (316) i2c: This driver is an old driver, please migrate your application code to adapt `driver/i2c_master.h`[0m
[0;32mI (327) main_task: Started on CPU0[0m
[0;32mI (337) main_task: Calling app_main()[0m
[0;32mI (337) MPU_TEST: Error reset: 4[0m
[0;32mI (337) MPU_TEST: Starting MPU...[0m
[0;31mE (597) i2c: i2c command link malloc error[0m
[0;31mE (597) i2c: i2c_master_start(1279): i2c command link error[0m
[0;31mE (597) i2c: i2c_master_write_byte(1318): i2c command link error[0m
[0;31mE (597) i2c: i2c_master_write_byte(1318): i2c command link error[0m
[0;31mE (607) i2c: i2c_master_write_byte(1318): i2c command link error[0m
[0;31mE (617) i2c: i2c_master_stop(1287): i2c command link error[0m
[0;31mE (617) i2c: i2c_master_cmd_begin(1533): i2c command link error[0m
[0;31mE (597) i2c: i2c_master_start(1279): i2c command link error[0m
[0;31mE (637) i2c: i2c_master_write_byte(1318): i2c command link error[0m
[0;31mE (637) i2c: i2c_master_write_byte(1318): i2c command link error[0m
[0;31mE (597) i2c: i2c_master_start(1279): i2c command link error[0m
[0;31mE (597) i2c: i2c_master_start(1279): i2c command link error[0m
[0;31mE (597) i2c: i2c_master_start(1279): i2c command link error[0m
[0;31mE (597) i2c: i2c_master_start(1279): i2c command link error[0m
[0;31mE (597) i2c: i2c_master_start(1279): i2c command link error[0m
[0;31mE (597) i2c: i2c_master_start(1279): i2c command link error[0m
[0;31mE (597) i2c: i2c_master_start(1279): i2c command link error[0m
[0;31mE (597) i2c: i2c_master_start(1279): i2c command link error[0m
[0;31mE (597) i2c: i2c_master_start(1279): i2c command link error[0m
[0;31mE (597) i2c: i2c_master_start(1279): i2c command link error[0m
[0;31mE (597) i2c: i2c_master_start(1279): i2c command link error[0m
[0;31mE (597) i2c: i2c_master_start(1279): i2c command link error[0m
[0;31mE (597) i2c: i2c_master_start(1279): i2c command link error[0m
[0;31mE (597) i2c: i2c_master_start(1279): i2c command link error[0m
[0;31mE (597) i2c: i2c_master_start(1279): i2c command link error[0m
[0;31mE (737) i2c: i2c_master_write_byte(1318): i2c command link error[0m
[0;31mE (747) i2c: i2c_master_write_byte(1318): i2c command link error[0m
[0;31mE (757) i2c: i2c_master_write_byte(1318): i2c command link error[0m
[0;31mE (597) i2c: i2c command link malloc error[0m

***ERROR*** A stack overflow in task mpu_read_task has been detected.


Backtrace: 0x40081936:0x3ffc0810 0x400867c9:0x3ffc0830 0x4008765e:0x3ffc0850 0x400886c3:0x3ffc08d0 0x40087768:0x3ffc08f0 0x4008771a:0xa5a5a5a5 |<-CORRUPTED




ELF file SHA256: 4ff815f99

Rebooting...
ets Jul 29 2019 12:21:46

rst:0xc (SW_CPU_RESET),boot:0x13 (SPI_FAST_FLASH_BOOT)
configsip: 0, SPIWP:0xee
clk_drv:0x00,q_drv:0x00,d_drv:0x00,cs0_drv:0x00,hd_drv:0x00,wp_drv:0x00
mode:DIO, clock div:2
load:0x3fff0030,len:7176
load:0x40078000,len:15564
ho 0 tail 12 room 4
load:0x40080400,len:4
load:0x40080404,len:3904
entry 0x40080640
[0;32mI (31) boot: ESP-IDF v5.3.1-dirty 2nd stage bootloader[0m
[0;32mI (31) boot: compile time Aug 22 2025 17:09:14[0m
[0;32mI (31) boot: Multicore bootloader[0m
[0;32mI (36) boot: chip revision: v3.1[0m
[0;32mI (40) boot.esp32: SPI Speed      : 40MHz[0m
[0;32mI (44) boot.esp32: SPI Mode       : DIO[0m
[0;32mI (49) boot.esp32: SPI Flash Size : 2MB[0m
[0;32mI (53) boot: Enabling RNG early entropy source...[0m
[0;32mI (59) boot: Partition Table:[0m
[0;32mI (62) boot: ## Label            Usage          Type ST Offset   Length[0m
[0;32mI (70) boot:  0 nvs              WiFi data        01 02 00009000 00006000[0m
[0;32mI (77) boot:  1 phy_init         RF data          01 01 0000f000 00001000[0m
[0;32mI (85) boot:  2 factory          factory app      00 00 00010000 00100000[0m
[0;32mI (92) boot: End of partition table[0m
[0;32mI (96) esp_image: segment 0: paddr=00010020 vaddr=3f400020 size=0acc8h ( 44232) map[0m
[0;32mI (120) esp_image: segment 1: paddr=0001acf0 vaddr=3ffb0000 size=02394h (  9108) load[0m
[0;32mI (124) esp_image: segment 2: paddr=0001d08c vaddr=40080000 size=02f8ch ( 12172) load[0m
[0;32mI (131) esp_image: segment 3: paddr=00020020 vaddr=400d0020 size=16624h ( 91684) map[0m
[0;32mI (166) esp_image: segment 4: paddr=0003664c vaddr=40082f8c size=0b068h ( 45160) load[0m
[0;32mI (191) boot: Loaded app from partition at offset 0x10000[0m
[0;32mI (191) boot: Disabling RNG early entropy source...[0m
[0;32mI (203) cpu_start: Multicore app[0m
[0;32mI (211) cpu_start: Pro cpu start user code[0m
[0;32mI (211) cpu_start: cpu freq: 160000000 Hz[0m
[0;32mI (211) app_init: Application information:[0m
[0;32mI (214) app_init: Project name:     mpu_test[0m
[0;32mI (219) app_init: App version:      c5f12b2-dirty[0m
[0;32mI (224) app_init: Compile time:     Aug 22 2025 19:08:33[0m
[0;32mI (230) app_init: ELF file SHA256:  4ff815f99...[0m
[0;32mI (235) app_init: ESP-IDF:          v5.3.1-dirty[0m
[0;32mI (241) efuse_init: Min chip rev:     v0.0[0m
[0;32mI (245) efuse_init: Max chip rev:     v3.99 [0m
[0;32mI (250) efuse_init: Chip rev:         v3.1[0m
[0;32mI (255) heap_init: Initializing. RAM available for dynamic allocation:[0m
[0;32mI (263) heap_init: At 3FFAE6E0 len 00001920 (6 KiB): DRAM[0m
[0;32mI (269) heap_init: At 3FFB2C98 len 0002D368 (180 KiB): DRAM[0m
[0;32mI (275) heap_init: At 3FFE0440 len 00003AE0 (14 KiB): D/IRAM[0m
[0;32mI (281) heap_init: At 3FFE4350 len 0001BCB0 (111 KiB): D/IRAM[0m
[0;32mI (288) heap_init: At 4008E000 len 00012000 (72 KiB): IRAM[0m
[0;32mI (295) spi_flash: detected chip: generic[0m
[0;32mI (298) spi_flash: flash io: dio[0m
[0;33mW (302) spi_flash: Detected size(4096k) larger than the size in the binary image header(2048k). Using the size in the binary image header.[0m
[0;33mW (315) i2c: This driver is an old driver, please migrate your application code to adapt `driver/i2c_master.h`[0m
[0;32mI (327) main_task: Started on CPU0[0m
[0;32mI (337) main_task: Calling app_main()[0m
[0;32mI (337) MPU_TEST: Error reset: 4[0m
[0;32mI (337) MPU_TEST: Starting MPU...[0m
[0;31mE (587) i2c: i2c command link malloc error[0m
[0;31mE (587) i2c: i2c_master_start(1279): i2c command link error[0m
[0;31mE (587) i2c: i2c_master_write_byte(1318): i2c command link error[0m
[0;31mE (587) i2c: i2c_master_start(1279): i2c command link error[0m
[0;31mE (587) i2c: i2c_master_start(1279): i2c command link error[0m
[0;31mE (607) i2c: i2c_master_start(1279): i2c command link error[0m
[0;31mE (587) i2c: i2c_master_start(1279): i2c command link error[0m
[0;31mE (587) i2c: i2c_master_start(1279): i2c command link error[0m
[0;31mE (587)
***ERROR*** A stack overflow in task mpu_read_task has been detected.


Backtrace: 0x40081936:0x3ffb4c10 0x400867c9:0x3ffb4c30 0x4008765e:0x3ffb4c50 0x400886c3:0x3ffb4cd0 0x40087768:0x3ffb4cf0 0x4008771a:0x00000000 |<-CORRUPTED




ELF file SHA256: 4ff815f99

Rebooting...
ets Jul 29 2019 12:21:46

rst:0xc (SW_CPU_RESET),boot:0x13 (SPI_FAST_FLASH_BOOT)
configsip: 0, SPIWP:0xee
clk_drv:0x00,q_drv:0x00,d_drv:0x00,cs0_drv:0x00,hd_drv:0x00,wp_drv:0x00
mode:DIO, clock div:2
load:0x3fff0030,len:7176
load:0x40078000,len:15564
ho 0 tail 12 room 4
load:0x40080400,len:4
load:0x40080404,len:3904
entry 0x40080640
[0;32mI (31) boot: ESP-IDF v5.3.1-dirty 2nd stage bootloader[0m
[0;32mI (31) boot: compile time Aug 22 2025 17:09:14[0m
[0;32mI (31) boot: Multicore bootloader[0m
[0;32mI (36) boot: chip revision: v3.1[0m
[0;32mI (40) boot.esp32: SPI Speed      : 40MHz[0m
[0;32mI (44) boot.esp32: SPI Mode       : DIO[0m
[0;32mI (49) boot.esp32: SPI Flash Size : 2MB[0m
[0;32mI (53) boot: Enabling RNG early entropy source...[0m
[0;32mI (59) boot: Partition Table:[0m
[0;32mI (62) boot: ## Label            Usage          Type ST Offset   Length[0m
[0;32mI (70) boot:  0 nvs              WiFi data        01 02 00009000 00006000[0m
[0;32mI (77) boot:  1 phy_init         RF data          01 01 0000f000 00001000[0m
[0;32mI (85) boot:  2 factory          factory app      00 00 00010000 00100000[0m
[0;32mI (92) boot: End of partition table[0m
[0;32mI (96) esp_image: segment 0: paddr=00010020 vaddr=3f400020 size=0acc8h ( 44232) map[0m
[0;32mI (120) esp_image: segment 1: paddr=0001acf0 vaddr=3ffb0000 size=02394h (  9108) load[0m
[0;32mI (124) esp_image: segment 2: paddr=0001d08c vaddr=40080000 size=02f8ch ( 12172) load[0m
[0;32mI (131) esp_image: segment 3: paddr=00020020 vaddr=400d0020 size=16624h ( 91684) map[0m
[0;32mI (166) esp_image: segment 4: paddr=0003664c vaddr=40082f8c size=0b068h ( 45160) load[0m
[0;32mI (191) boot: Loaded app from partition at offset 0x10000[0m
[0;32mI (191) boot: Disabling RNG early entropy source...[0m
[0;32mI (203) cpu_start: Multicore app[0m
[0;32mI (211) cpu_start: Pro cpu start user code[0m
[0;32mI (211) cpu_start: cpu freq: 160000000 Hz[0m
[0;32mI (211) app_init: Application information:[0m
[0;32mI (214) app_init: Project name:     mpu_test[0m
[0;32mI (219) app_init: App version:      c5f12b2-dirty[0m
[0;32mI (224) app_init: Compile time:     Aug 22 2025 19:08:33[0m
[0;32mI (230) app_init: ELF file SHA256:  4ff815f99...[0m
[0;32mI (236) app_init: ESP-IDF:          v5.3.1-dirty[0m
[0;32mI (241) efuse_init: Min chip rev:     v0.0[0m
[0;32mI (246) efuse_init: Max chip rev:     v3.99 [0m
[0;32mI (251) efuse_init: Chip rev:         v3.1[0m
[0;32mI (256) heap_init: Initializing. RAM available for dynamic allocation:[0m
[0;32mI (263) heap_init: At 3FFAE6E0 len 00001920 (6 KiB): DRAM[0m
[0;32mI (269) heap_init: At 3FFB2C98 len 0002D368 (180 KiB): DRAM[0m
[0;32mI (275) heap_init: At 3FFE0440 len 00003AE0 (14 KiB): D/IRAM[0m
[0;32mI (281) heap_init: At 3FFE4350 len 0001BCB0 (111 KiB): D/IRAM[0m
[0;32mI (288) heap_init: At 4008E000 len 00012000 (72 KiB): IRAM[0m
[0;32mI (295) spi_flash: detected chip: generic[0m
[0;32mI (298) spi_flash: flash io: dio[0m
[0;33mW (302) spi_flash: Detected size(4096k) larger than the size in the binary image header(2048k). Using the size in the binary image header.[0m
[0;33mW (316) i2c: This driver is an old driver, please migrate your application code to adapt `driver/i2c_master.h`[0m
[0;32mI (327) main_task: Started on CPU0[0m
[0;32mI (337) main_task: Calling app_main()[0m
[0;32mI (337) MPU_TEST: Error reset: 4[0m
[0;32mI (337) MPU_TEST: Starting MPU...[0m
[0;31mE (597) i2c: i2c command link malloc error[0m
[0;31mE (597) i2c: i2c_master_start(1279): i2c command link error[0m
[0;31mE (597) i2c: i2c_master_start(1279): i2c command link error[0m
[0;31mE (597) i2c: i2c_master_write_byte(1318): i2c command link error[0m
[0;31mE (597) i2c: i2c_master_start(1279): i2c command link error[0m
[0;31mE (617) i2c: i2c_master_write_byte(1318): i2c command link error[0m
[0;31mE (617) i2c: i2c_master_write_byte(1318): i2c command link error[0m
[0;31mE (597) i2c: i2c_master_start(1279): i2c command link error[0m
[0;31mE (597) i2c: i2c_master_start(1279): i2c command link error[0m
[0;31mE (597) i2c: i2c_master_start(1279): i2c command link error[0m
[0;31mE (597) i2c: i2c_master_start(1279): i2c command link error[0m
[0;31mE (597) i2c: i2c_master_start(1279): i2c command link error[0m
[0;31mE (597) i2c: i2c command link malloc error[0m
[0;31mE (597) i2c: i2c_master_start(1279): i2c command link error[0m
[0;31mE (597) i2c: i2c_master_start(1279): i2c command link error[0m
[0;31mE (597) i2c: i2c_master_start(1279): i2c command link error[0m
[0;31mE (597) i2c: i2c_master_write_byte(1318): i2c command link error[0m
[0;31mE (597) i2c: i2c_master_start(1279): i2c command link error[0m
[0;31mE (597) i2c: i2c_master_start(1279): i2c command link error[0m
[0;31mE (597) i2c: i2c_master_start(1279): i2c command link error[0m
[0;31mE (597) i2c: i2c_master_start(1279): i2c command link error[0m
[0;31mE (597) i2c: i2c_master_start(1279): i2c command link error[0m
[0;31mE (597) i2c: i2c_master_start(1279): i2c command link error[0m
[0;31mE (597) i2c: i2c_master_start(1279): i2c command link error[0m
[0;31mE (727) i2c: i2c_master_write_byte(1318): i2c command link error[0m
[0;31mE (737) i2c: i2c_master_write_byte(1318): i2c command link error[0m
[0;31mE (747) i2c: i2c_master_write_byte(1318): i2c command link error[0m
[0;31mE (597) i2c: i2c command link malloc error[0m

***ERROR*** A stack overflow in task mpu_read_task has been detected.


Backtrace: 0x40081936:0x3ffbfeb0 0x400867c9:0x3ffbfed0 0x4008765e:0x3ffbfef0 0x400886c3:0x3ffbff70 0x40087768:0x3ffbff90 0x4008771a:0xa5a5a5a5 |<-CORRUPTED




ELF file SHA256: 4ff815f99

Rebooting...
ets Jul 29 2019 12:21:46

rst:0xc (SW_CPU_RESET),boot:0x13 (SPI_FAST_FLASH_BOOT)
configsip: 0, SPIWP:0xee
clk_drv:0x00,q_drv:0x00,d_drv:0x00,cs0_drv:0x00,hd_drv:0x00,wp_drv:0x00
mode:DIO, clock div:2
load:0x3fff0030,len:7176
load:0x40078000,len:15564
ho 0 tail 12 room 4
load:0x40080400,len:4
load:0x40080404,len:3904
entry 0x40080640
[0;32mI (31) boot: ESP-IDF v5.3.1-dirty 2nd stage bootloader[0m
[0;32mI (31) boot: compile time Aug 22 2025 17:09:14[0m
[0;32mI (31) boot: Multicore bootloader[0m
[0;32mI (36) boot: chip revision: v3.1[0m
[0;32mI (40) boot.esp32: SPI Speed      : 40MHz[0m
[0;32mI (44) boot.esp32: SPI Mode       : DIO[0m
[0;32mI (49) boot.esp32: SPI Flash Size : 2MB[0m
[0;32mI (53) boot: Enabling RNG early entropy source...[0m
[0;32mI (59) boot: Partition Table:[0m
[0;32mI (62) boot: ## Label            Usage          Type ST Offset   Length[0m
[0;32mI (70) boot:  0 nvs              WiFi data        01 02 00009000 00006000[0m
[0;32mI (77) boot:  1 phy_init         RF data          01 01 0000f000 00001000[0m
[0;32mI (85) boot:  2 factory          factory app      00 00 00010000 00100000[0m
[0;32mI (92) boot: End of partition table[0m
[0;32mI (96) esp_image: segment 0: paddr=00010020 vaddr=3f400020 size=0acc8h ( 44232) map[0m
[0;32mI (120) esp_image: segment 1: paddr=0001acf0 vaddr=3ffb0000 size=02394h (  9108) load[0m
[0;32mI (124) esp_image: segment 2: paddr=0001d08c vaddr=40080000 size=02f8ch ( 12172) load[0m
[0;32mI (131) esp_image: segment 3: paddr=00020020 vaddr=400d0020 size=16624h ( 91684) map[0m
[0;32mI (166) esp_image: segment 4: paddr=0003664c vaddr=40082f8c size=0b068h ( 45160) load[0m
[0;32mI (191) boot: Loaded app from partition at offset 0x10000[0m
[0;32mI (191) boot: Disabling RNG early entropy source...[0m
[0;32mI (203) cpu_start: Multicore app[0m
[0;32mI (211) cpu_start: Pro cpu start user code[0m
[0;32mI (211) cpu_start: cpu freq: 160000000 Hz[0m
[0;32mI (211) app_init: Application information:[0m
[0;32mI (214) app_init: Project name:     mpu_test[0m
[0;32mI (219) app_init: App version:      c5f12b2-dirty[0m
[0;32mI (224) app_init: Compile time:     Aug 22 2025 19:08:33[0m
[0;32mI (230) app_init: ELF file SHA256:  4ff815f99...[0m
[0;32mI (235) app_init: ESP-IDF:          v5.3.1-dirty[0m
[0;32mI (241) efuse_init: Min chip rev:     v0.0[0m
[0;32mI (245) efuse_init: Max chip rev:     v3.99 [0m
[0;32mI (250) efuse_init: Chip rev:         v3.1[0m
[0;32mI (255) heap_init: Initializing. RAM available for dynamic allocation:[0m
[0;32mI (263) heap_init: At 3FFAE6E0 len 00001920 (6 KiB): DRAM[0m
[0;32mI (268) heap_init: At 3FFB2C98 len 0002D368 (180 KiB): DRAM[0m
[0;32mI (275) heap_init: At 3FFE0440 len 00003AE0 (14 KiB): D/IRAM[0m
[0;32mI (281) heap_init: At 3FFE4350 len 0001BCB0 (111 KiB): D/IRAM[0m
[0;32mI (288) heap_init: At 4008E000 len 00012000 (72 KiB): IRAM[0m
[0;32mI (295) spi_flash: detected chip: generic[0m
[0;32mI (298) spi_flash: flash io: dio[0m
[0;33mW (302) spi_flash: Detected size(4096k) larger than the size in the binary image header(2048k). Using the size in the binary image header.[0m
[0;33mW (315) i2c: This driver is an old driver, please migrate your application code to adapt `driver/i2c_master.h`[0m
[0;32mI (327) main_task: Started on CPU0[0m
[0;32mI (337) main_task: Calling app_main()[0m
[0;32mI (337) MPU_TEST: Error reset: 4[0m
[0;32mI (337) MPU_TEST: Starting MPU...[0m
[0;31mE (587) i2c: i2c command link malloc error[0m
[0;31mE (587) i2c: i2c_master_start(1279): i2c command link error[0m
[0;31mE (587) i2c: i2c_master_write_byte(1318): i2c command link error[0m
[0;31mE (587) i2c: i2c_master_start(1279): i2c command link error[0m
[0;31mE (587) i2c: i2c_master_start(1279): i2c command link error[0m
[0;31mE (607) i2c: i2c_master_start(1279): i2c command link error[0m
[0;31mE (587) i2c: i2c_master_start(1279): i2c command link error[0m
[0;31mE (587) i2c: i2c_master_start(1279): i2c command link error[0m
[0;31mE (587)
***ERROR*** A stack overflow in task mpu_read_task has been detected.


Backtrace: 0x40081936:0x3ffb4c10 0x400867c9:0x3ffb4c30 0x4008765e:0x3ffb4c50 0x400886c3:0x3ffb4cd0 0x40087768:0x3ffb4cf0 0x4008771a:0x00000000 |<-CORRUPTED




ELF file SHA256: 4ff815f99

Rebooting...
ets Jul 29 2019 12:21:46

rst:0xc (SW_CPU_RESET),boot:0x13 (SPI_FAST_FLASH_BOOT)
configsip: 0, SPIWP:0xee
clk_drv:0x00,q_drv:0x00,d_drv:0x00,cs0_drv:0x00,hd_drv:0x00,wp_drv:0x00
mode:DIO, clock div:2
load:0x3fff0030,len:7176
load:0x40078000,len:15564
ho 0 tail 12 room 4
load:0x40080400,len:4
load:0x40080404,len:3904
entry 0x40080640
[0;32mI (31) boot: ESP-IDF v5.3.1-dirty 2nd stage bootloader[0m
[0;32mI (31) boot: compile time Aug 22 2025 17:09:14[0m
[0;32mI (31) boot: Multicore bootloader[0m
[0;32mI (36) boot: chip revision: v3.1[0m
[0;32mI (40) boot.esp32: SPI Speed      : 40MHz[0m
[0;32mI (44) boot.esp32: SPI Mode       : DIO[0m
[0;32mI (49) boot.esp32: SPI Flash Size : 2MB[0m
[0;32mI (53) boot: Enabling RNG early entropy source...[0m
[0;32mI (59) boot: Partition Table:[0m
[0;32mI (62) boot: ## Label            Usage          Type ST Offset   Length[0m
[0;32mI (70) boot:  0 nvs              WiFi data        01 02 00009000 00006000[0m
[0;32mI (77) boot:  1 phy_init         RF data          01 01 0000f000 00001000[0m
[0;32mI (85) boot:  2 factory          factory app      00 00 00010000 00100000[0m
[0;32mI (92) boot: End of partition table[0m
[0;32mI (96) esp_image: segment 0: paddr=00010020 vaddr=3f400020 size=0acc8h ( 44232) map[0m
[0;32mI (120) esp_image: segment 1: paddr=0001acf0 vaddr=3ffb0000 size=02394h (  9108) load[0m
[0;32mI (124) esp_image: segment 2: paddr=0001d08c vaddr=40080000 size=02f8ch ( 12172) load[0m
[0;32mI (131) esp_image: segment 3: paddr=00020020 vaddr=400d0020 size=16624h ( 91684) map[0m
[0;32mI (166) esp_image: segment 4: paddr=0003664c vaddr=40082f8c size=0b068h ( 45160) load[0m
[0;32mI (191) boot: Loaded app from partition at offset 0x10000[0m
[0;32mI (191) boot: Disabling RNG early entropy source...[0m
[0;32mI (203) cpu_start: Multicore app[0m
[0;32mI (211) cpu_start: Pro cpu start user code[0m
[0;32mI (211) cpu_start: cpu freq: 160000000 Hz[0m
[0;32mI (211) app_init: Application information:[0m
[0;32mI (214) app_init: Project name:     mpu_test[0m
[0;32mI (219) app_init: App version:      c5f12b2-dirty[0m
[0;32mI (224) app_init: Compile time:     Aug 22 2025 19:08:33[0m
[0;32mI (230) app_init: ELF file SHA256:  4ff815f99...[0m
[0;32mI (236) app_init: ESP-IDF:          v5.3.1-dirty[0m
[0;32mI (241) efuse_init: Min chip rev:     v0.0[0m
[0;32mI (246) efuse_init: Max chip rev:     v3.99 [0m
[0;32mI (251) efuse_init: Chip rev:         v3.1[0m
[0;32mI (256) heap_init: Initializing. RAM available for dynamic allocation:[0m
[0;32mI (263) heap_init: At 3FFAE6E0 len 00001920 (6 KiB): DRAM[0m
[0;32mI (269) heap_init: At 3FFB2C98 len 0002D368 (180 KiB): DRAM[0m
[0;32mI (275) heap_init: At 3FFE0440 len 00003AE0 (14 KiB): D/IRAM[0m
[0;32mI (281) heap_init: At 3FFE4350 len 0001BCB0 (111 KiB): D/IRAM[0m
[0;32mI (288) heap_init: At 4008E000 len 00012000 (72 KiB): IRAM[0m
[0;32mI (295) spi_flash: detected chip: generic[0m
[0;32mI (298) spi_flash: flash io: dio[0m
[0;33mW (302) spi_flash: Detected size(4096k) larger than the size in the binary image header(2048k). Using the size in the binary image header.[0m
[0;33mW (315) i2c: This driver is an old driver, please migrate your application code to adapt `driver/i2c_master.h`[0m
[0;32mI (327) main_task: Started on CPU0[0m
[0;32mI (337) main_task: Calling app_main()[0m
[0;32mI (337) MPU_TEST: Error reset: 4[0m
[0;32mI (337) MPU_TEST: Starting MPU...[0m
[0;31mE (597) i2c: i2c command link malloc error[0m
[0;31mE (597) i2c: i2c_master_start(1279): i2c command link error[0m
[0;31mE (597) i2c: i2c_master_start(1279): i2c command link error[0m
[0;31mE (597) i2c: i2c_master_write_byte(1318): i2c command link error[0m
[0;31mE (607) i2c: i2c_master_write_byte(1318): i2c command link error[0m
[0;31mE (617) i2c: i2c_master_start(1279): i2c command link error[0m
[0;31mE (617) i2c: i2c_master_write_byte(1318): i2c command link error[0m
[0;31mE (627) i2c: i2c_master_write_byte(1318): i2c command link error[0m
[0;31mE (597) i2c: i2c_master_start(1279): i2c command link error[0m
[0;31mE (597) i2c: i2c_master_start(1279): i2c command link error[0m
[0;31mE (597) i2c: i2c_master_start(1279): i2c command link error[0m
[0;31mE (597) i2c: i2c_master_start(1279): i2c command link error[0m
[0;31mE (597) i2c: i2c command link malloc error[0m
[
***ERROR*** A stack overflow in task mpu_read_task has been detected.


Backtrace: 0x40081936:0x3ffc0810 0x400867c9:0x3ffc0830 0x4008765e:0x3ffc0850 0x400886c3:0x3ffc08d0 0x40087768:0x3ffc08f0 0x4008771a:0xa5a5a5a5 |<-CORRUPTED




ELF file SHA256: 4ff815f99

Rebooting...
ets Jul 29 2019 12:21:46

rst:0xc (SW_CPU_RESET),boot:0x13 (SPI_FAST_FLASH_BOOT)
configsip: 0, SPIWP:0xee
clk_drv:0x00,q_drv:0x00,d_drv:0x00,cs0_drv:0x00,hd_drv:0x00,wp_drv:0x00
mode:DIO, clock div:2
load:0x3fff0030,len:7176
load:0x40078000,len:15564
ho 0 tail 12 room 4
load:0x40080400,len:4
load:0x40080404,len:3904
entry 0x40080640
[0;32mI (31) boot: ESP-IDF v5.3.1-dirty 2nd stage bootloader[0m
[0;32mI (31) boot: compile time Aug 22 2025 17:09:14[0m
[0;32mI (31) boot: Multicore bootloader[0m
[0;32mI (36) boot: chip revision: v3.1[0m
[0;32mI (40) boot.esp32: SPI Speed      : 40MHz[0m
[0;32mI (44) boot.esp32: SPI Mode       : DIO[0m
[0;32mI (49) boot.esp32: SPI Flash Size : 2MB[0m
[0;32mI (53) boot: Enabling RNG early entropy source...[0m
[0;32mI (59) boot: Partition Table:[0m
[0;32mI (62) boot: ## Label            Usage          Type ST Offset   Length[0m
[0;32mI (70) boot:  0 nvs              WiFi data        01 02 00009000 00006000[0m
[0;32mI (77) boot:  1 phy_init         RF data          01 01 0000f000 00001000[0m
[0;32mI (85) boot:  2 factory          factory app      00 00 00010000 00100000[0m
[0;32mI (92) boot: End of partition table[0m
[0;32mI (96) esp_image: segment 0: paddr=00010020 vaddr=3f400020 size=0acc8h ( 44232) map[0m
[0;32mI (120) esp_image: segment 1: paddr=0001acf0 vaddr=3ffb0000 size=02394h (  9108) load[0m
[0;32mI (124) esp_image: segment 2: paddr=0001d08c vaddr=40080000 size=02f8ch ( 12172) load[0m
[0;32mI (131) esp_image: segment 3: paddr=00020020 vaddr=400d0020 size=16624h ( 91684) map[0m
[0;32mI (166) esp_image: segment 4: paddr=0003664c vaddr=40082f8c size=0b068h ( 45160) load[0m
[0;32mI (191) boot: Loaded app from partition at offset 0x10000[0m
[0;32mI (191) boot: Disabling RNG early entropy source...[0m
[0;32mI (203) cpu_start: Multicore app[0m
[0;32mI (211) cpu_start: Pro cpu start user code[0m
[0;32mI (211) cpu_start: cpu freq: 160000000 Hz[0m
[0;32mI (211) app_init: Application information:[0m
[0;32mI (214) app_init: Project name:     mpu_test[0m
[0;32mI (219) app_init: App version:      c5f12b2-dirty[0m
[0;32mI (224) app_init: Compile time:     Aug 22 2025 19:08:33[0m
[0;32mI (230) app_init: ELF file SHA256:  4ff815f99...[0m
[0;32mI (235) app_init: ESP-IDF:          v5.3.1-dirty[0m
[0;32mI (241) efuse_init: Min chip rev:     v0.0[0m
[0;32mI (245) efuse_init: Max chip rev:     v3.99 [0m
[0;32mI (250) efuse_init: Chip rev:         v3.1[0m
[0;32mI (255) heap_init: Initializing. RAM available for dynamic allocation:[0m
[0;32mI (263) heap_init: At 3FFAE6E0 len 00001920 (6 KiB): DRAM[0m
[0;32mI (268) heap_init: At 3FFB2C98 len 0002D368 (180 KiB): DRAM[0m
[0;32mI (275) heap_init: At 3FFE0440 len 00003AE0 (14 KiB): D/IRAM[0m
[0;32mI (281) heap_init: At 3FFE4350 len 0001BCB0 (111 KiB): D/IRAM[0m
[0;32mI (288) heap_init: At 4008E000 len 00012000 (72 KiB): IRAM[0m
[0;32mI (295) spi_flash: detected chip: generic[0m
[0;32mI (298) spi_flash: flash io: dio[0m
[0;33mW (302) spi_flash: Detected size(4096k) larger than the size in the binary image header(2048k). Using the size in the binary image header.[0m
[0;33mW (315) i2c: This driver is an old driver, please migrate your application code to adapt `driver/i2c_master.h`[0m
[0;32mI (327) main_task: Started on CPU0[0m
[0;32mI (337) main_task: Calling app_main()[0m
[0;32mI (337) MPU_TEST: Error reset: 4[0m
[0;32mI (337) MPU_TEST: Starting MPU...[0m
[0;31mE (587) i2c: i2c command link malloc error[0m
[0;31mE (587) i2c: i2c_master_start(1279): i2c command link error[0m
[0;31mE (587) i2c: i2c_master_write_byte(1318): i2c command link error[0m
[0;31mE (587) i2c: i2c_master_start(1279): i2c command link error[0m
[0;31mE (587) i2c: i2c_master_start(1279): i2c command link error[0m
[0;31mE (607) i2c: i2c_master_start(1279): i2c command link error[0m
[0;31mE (587) i2c: i2c_master_start(1279): i2c command link error[0m
[0;31mE (587) i2c: i2c_master_start(1279): i2c command link error[0m
[0;31mE (587)
***ERROR*** A stack overflow in task mpu_read_task has been detected.


Backtrace: 0x40081936:0x3ffb4c10 0x400867c9:0x3ffb4c30 0x4008765e:0x3ffb4c50 0x400886c3:0x3ffb4cd0 0x40087768:0x3ffb4cf0 0x4008771a:0x00000000 |<-CORRUPTED




ELF file SHA256: 4ff815f99

Rebooting...
ets Jul 29 2019 12:21:46

rst:0xc (SW_CPU_RESET),boot:0x13 (SPI_FAST_FLASH_BOOT)
configsip: 0, SPIWP:0xee
clk_drv:0x00,q_drv:0x00,d_drv:0x00,cs0_drv:0x00,hd_drv:0x00,wp_drv:0x00
mode:DIO, clock div:2
load:0x3fff0030,len:7176
load:0x40078000,len:15564
ho 0 tail 12 room 4
load:0x40080400,len:4
load:0x40080404,len:3904
entry 0x40080640
[0;32mI (31) boot: ESP-IDF v5.3.1-dirty 2nd stage bootloader[0m
[0;32mI (31) boot: compile time Aug 22 2025 17:09:14[0m
[0;32mI (31) boot: Multicore bootloader[0m
[0;32mI (36) boot: chip revision: v3.1[0m
[0;32mI (40) boot.esp32: SPI Speed      : 40MHz[0m
[0;32mI (44) boot.esp32: SPI Mode       : DIO[0m
[0;32mI (49) boot.esp32: SPI Flash Size : 2MB[0m
[0;32mI (53) boot: Enabling RNG early entropy source...[0m
[0;32mI (59) boot: Partition Table:[0m
[0;32mI (62) boot: ## Label            Usage          Type ST Offset   Length[0m
[0;32mI (70) boot:  0 nvs              WiFi data        01 02 00009000 00006000[0m
[0;32mI (77) boot:  1 phy_init         RF data          01 01 0000f000 00001000[0m
[0;32mI (85) boot:  2 factory          factory app      00 00 00010000 00100000[0m
[0;32mI (92) boot: End of partition table[0m
[0;32mI (96) esp_image: segment 0: paddr=00010020 vaddr=3f400020 size=0acc8h ( 44232) map[0m
[0;32mI (120) esp_image: segment 1: paddr=0001acf0 vaddr=3ffb0000 size=02394h (  9108) load[0m
[0;32mI (124) esp_image: segment 2: paddr=0001d08c vaddr=40080000 size=02f8ch ( 12172) load[0m
[0;32mI (131) esp_image: segment 3: paddr=00020020 vaddr=400d0020 size=16624h ( 91684) map[0m
[0;32mI (166) esp_image: segment 4: paddr=0003664c vaddr=40082f8c size=0b068h ( 45160) load[0m
[0;32mI (191) boot: Loaded app from partition at offset 0x10000[0m
[0;32mI (191) boot: Disabling RNG early entropy source...[0m
[0;32mI (203) cpu_start: Multicore app[0m
[0;32mI (211) cpu_start: Pro cpu start user code[0m
[0;32mI (211) cpu_start: cpu freq: 160000000 Hz[0m
[0;32mI (211) app_init: Application information:[0m
[0;32mI (214) app_init: Project name:     mpu_test[0m
[0;32mI (219) app_init: App version:      c5f12b2-dirty[0m
[0;32mI (224) app_init: Compile time:     Aug 22 2025 19:08:33[0m
[0;32mI (230) app_init: ELF file SHA256:  4ff815f99...[0m
[0;32mI (236) app_init: ESP-IDF:          v5.3.1-dirty[0m
[0;32mI (241) efuse_init: Min chip rev:     v0.0[0m
[0;32mI (246) efuse_init: Max chip rev:     v3.99 [0m
[0;32mI (251) efuse_init: Chip rev:         v3.1[0m
[0;32mI (256) heap_init: Initializing. RAM available for dynamic allocation:[0m
[0;32mI (263) heap_init: At 3FFAE6E0 len 00001920 (6 KiB): DRAM[0m
[0;32mI (269) heap_init: At 3FFB2C98 len 0002D368 (180 KiB): DRAM[0m
[0;32mI (275) heap_init: At 3FFE0440 len 00003AE0 (14 KiB): D/IRAM[0m
[0;32mI (281) heap_init: At 3FFE4350 len 0001BCB0 (111 KiB): D/IRAM[0m
[0;32mI (288) heap_init: At 4008E000 len 00012000 (72 KiB): IRAM[0m
[0;32mI (295) spi_flash: detected chip: generic[0m
[0;32mI (298) spi_flash: flash io: dio[0m
[0;33mW (302) spi_flash: Detected size(4096k) larger than the size in the binary image header(2048k). Using the size in the binary image header.[0m
[0;33mW (315) i2c: This driver is an old driver, please migrate your application code to adapt `driver/i2c_master.h`[0m
[0;32mI (327) main_task: Started on CPU0[0m
[0;32mI (337) main_task: Calling app_main()[0m
[0;32mI (337) MPU_TEST: Error reset: 4[0m
